Archive member included because of file (symbol)

.\CortexM0\ARM_GCC_473\Debug\cadeau_marraine.a(cyfitter_cfg.o)
                              .\CortexM0\ARM_GCC_473\Debug\Cm0Start.o (cyfitter_cfg)
.\CortexM0\ARM_GCC_473\Debug\cadeau_marraine.a(LCD_Char_1.o)
                              .\CortexM0\ARM_GCC_473\Debug\main.o (LCD_Char_1_WriteControl)
.\CortexM0\ARM_GCC_473\Debug\cadeau_marraine.a(PWM_1.o)
                              .\CortexM0\ARM_GCC_473\Debug\main.o (PWM_1_WriteCompare)
.\CortexM0\ARM_GCC_473\Debug\cadeau_marraine.a(PWM_2.o)
                              .\CortexM0\ARM_GCC_473\Debug\main.o (PWM_2_WriteCompare)
.\CortexM0\ARM_GCC_473\Debug\cadeau_marraine.a(PWM_3.o)
                              .\CortexM0\ARM_GCC_473\Debug\main.o (PWM_3_WriteCompare)
.\CortexM0\ARM_GCC_473\Debug\cadeau_marraine.a(TC1_ISR.o)
                              .\CortexM0\ARM_GCC_473\Debug\main.o (TC1_ISR_StartEx)
.\CortexM0\ARM_GCC_473\Debug\cadeau_marraine.a(TC2_ISR.o)
                              .\CortexM0\ARM_GCC_473\Debug\main.o (TC2_ISR_StartEx)
.\CortexM0\ARM_GCC_473\Debug\cadeau_marraine.a(TC3_ISR.o)
                              .\CortexM0\ARM_GCC_473\Debug\main.o (TC3_ISR_StartEx)
.\CortexM0\ARM_GCC_473\Debug\cadeau_marraine.a(TIM_4.o)
                              .\CortexM0\ARM_GCC_473\Debug\main.o (TIM_4_Start)
.\CortexM0\ARM_GCC_473\Debug\cadeau_marraine.a(TC4_ISR.o)
                              .\CortexM0\ARM_GCC_473\Debug\main.o (TC4_ISR_StartEx)
.\CortexM0\ARM_GCC_473\Debug\cadeau_marraine.a(CyBootAsmGnu.o)
                              .\CortexM0\ARM_GCC_473\Debug\cadeau_marraine.a(cyfitter_cfg.o) (CyDelayCycles)
.\CortexM0\ARM_GCC_473\Debug\cadeau_marraine.a(CyLib.o)
                              .\CortexM0\ARM_GCC_473\Debug\cadeau_marraine.a(cyfitter_cfg.o) (CyDelayUs)
c:/program files (x86)/cypress/psoc creator/3.0/psoc creator/import/gnu_cs/arm/4.7.3/bin/../lib/gcc/arm-none-eabi/4.7.3/armv6-m\libgcc.a(_udivsi3.o)
                              .\CortexM0\ARM_GCC_473\Debug\cadeau_marraine.a(LCD_Char_1.o) (__aeabi_uidiv)
c:/program files (x86)/cypress/psoc creator/3.0/psoc creator/import/gnu_cs/arm/4.7.3/bin/../lib/gcc/arm-none-eabi/4.7.3/armv6-m\libgcc.a(_divsi3.o)
                              .\CortexM0\ARM_GCC_473\Debug\Cm0Start.o (__aeabi_idiv)
c:/program files (x86)/cypress/psoc creator/3.0/psoc creator/import/gnu_cs/arm/4.7.3/bin/../lib/gcc/arm-none-eabi/4.7.3/armv6-m\libgcc.a(_dvmd_tls.o)
                              c:/program files (x86)/cypress/psoc creator/3.0/psoc creator/import/gnu_cs/arm/4.7.3/bin/../lib/gcc/arm-none-eabi/4.7.3/armv6-m\libgcc.a(_udivsi3.o) (__aeabi_idiv0)
c:/program files (x86)/cypress/psoc creator/3.0/psoc creator/import/gnu_cs/arm/4.7.3/bin/../lib/gcc/arm-none-eabi/4.7.3/../../../../arm-none-eabi/lib/armv6-m\libc_s.a(lib_a-__atexit2.o)
                              c:/program files (x86)/cypress/psoc creator/3.0/psoc creator/import/gnu_cs/arm/4.7.3/bin/../lib/gcc/arm-none-eabi/4.7.3/../../../../arm-none-eabi/lib/armv6-m/crt0.o (__register_exitproc)
c:/program files (x86)/cypress/psoc creator/3.0/psoc creator/import/gnu_cs/arm/4.7.3/bin/../lib/gcc/arm-none-eabi/4.7.3/../../../../arm-none-eabi/lib/armv6-m\libc_s.a(lib_a-exit.o)
                              c:/program files (x86)/cypress/psoc creator/3.0/psoc creator/import/gnu_cs/arm/4.7.3/bin/../lib/gcc/arm-none-eabi/4.7.3/../../../../arm-none-eabi/lib/armv6-m/crt0.o (exit)
c:/program files (x86)/cypress/psoc creator/3.0/psoc creator/import/gnu_cs/arm/4.7.3/bin/../lib/gcc/arm-none-eabi/4.7.3/../../../../arm-none-eabi/lib/armv6-m\libc_s.a(lib_a-fini.o)
                              c:/program files (x86)/cypress/psoc creator/3.0/psoc creator/import/gnu_cs/arm/4.7.3/bin/../lib/gcc/arm-none-eabi/4.7.3/../../../../arm-none-eabi/lib/armv6-m/crt0.o (__libc_fini_array)
c:/program files (x86)/cypress/psoc creator/3.0/psoc creator/import/gnu_cs/arm/4.7.3/bin/../lib/gcc/arm-none-eabi/4.7.3/../../../../arm-none-eabi/lib/armv6-m\libc_s.a(lib_a-impure.o)
                              c:/program files (x86)/cypress/psoc creator/3.0/psoc creator/import/gnu_cs/arm/4.7.3/bin/../lib/gcc/arm-none-eabi/4.7.3/../../../../arm-none-eabi/lib/armv6-m\libc_s.a(lib_a-exit.o) (_global_impure_ptr)
c:/program files (x86)/cypress/psoc creator/3.0/psoc creator/import/gnu_cs/arm/4.7.3/bin/../lib/gcc/arm-none-eabi/4.7.3/../../../../arm-none-eabi/lib/armv6-m\libc_s.a(lib_a-init.o)
                              c:/program files (x86)/cypress/psoc creator/3.0/psoc creator/import/gnu_cs/arm/4.7.3/bin/../lib/gcc/arm-none-eabi/4.7.3/../../../../arm-none-eabi/lib/armv6-m/crt0.o (__libc_init_array)
c:/program files (x86)/cypress/psoc creator/3.0/psoc creator/import/gnu_cs/arm/4.7.3/bin/../lib/gcc/arm-none-eabi/4.7.3/../../../../arm-none-eabi/lib/armv6-m\libc_s.a(lib_a-memcpy.o)
                              .\CortexM0\ARM_GCC_473\Debug\cadeau_marraine.a(cyfitter_cfg.o) (memcpy)
c:/program files (x86)/cypress/psoc creator/3.0/psoc creator/import/gnu_cs/arm/4.7.3/bin/../lib/gcc/arm-none-eabi/4.7.3/../../../../arm-none-eabi/lib/armv6-m\libc_s.a(lib_a-memset.o)
                              c:/program files (x86)/cypress/psoc creator/3.0/psoc creator/import/gnu_cs/arm/4.7.3/bin/../lib/gcc/arm-none-eabi/4.7.3/../../../../arm-none-eabi/lib/armv6-m/crt0.o (memset)

Discarded input sections

 .text          0x00000000        0x0 c:/program files (x86)/cypress/psoc creator/3.0/psoc creator/import/gnu_cs/arm/4.7.3/bin/../lib/gcc/arm-none-eabi/4.7.3/armv6-m/crti.o
 .data          0x00000000        0x0 c:/program files (x86)/cypress/psoc creator/3.0/psoc creator/import/gnu_cs/arm/4.7.3/bin/../lib/gcc/arm-none-eabi/4.7.3/armv6-m/crti.o
 .bss           0x00000000        0x0 c:/program files (x86)/cypress/psoc creator/3.0/psoc creator/import/gnu_cs/arm/4.7.3/bin/../lib/gcc/arm-none-eabi/4.7.3/armv6-m/crti.o
 .data          0x00000000        0x4 c:/program files (x86)/cypress/psoc creator/3.0/psoc creator/import/gnu_cs/arm/4.7.3/bin/../lib/gcc/arm-none-eabi/4.7.3/armv6-m/crtbegin.o
 .text          0x00000000       0x74 c:/program files (x86)/cypress/psoc creator/3.0/psoc creator/import/gnu_cs/arm/4.7.3/bin/../lib/gcc/arm-none-eabi/4.7.3/../../../../arm-none-eabi/lib/armv6-m/crt0.o
 .data          0x00000000        0x0 c:/program files (x86)/cypress/psoc creator/3.0/psoc creator/import/gnu_cs/arm/4.7.3/bin/../lib/gcc/arm-none-eabi/4.7.3/../../../../arm-none-eabi/lib/armv6-m/crt0.o
 .bss           0x00000000        0x0 c:/program files (x86)/cypress/psoc creator/3.0/psoc creator/import/gnu_cs/arm/4.7.3/bin/../lib/gcc/arm-none-eabi/4.7.3/../../../../arm-none-eabi/lib/armv6-m/crt0.o
 .ARM.extab     0x00000000        0x0 c:/program files (x86)/cypress/psoc creator/3.0/psoc creator/import/gnu_cs/arm/4.7.3/bin/../lib/gcc/arm-none-eabi/4.7.3/../../../../arm-none-eabi/lib/armv6-m/crt0.o
 .ARM.exidx     0x00000000        0x8 c:/program files (x86)/cypress/psoc creator/3.0/psoc creator/import/gnu_cs/arm/4.7.3/bin/../lib/gcc/arm-none-eabi/4.7.3/../../../../arm-none-eabi/lib/armv6-m/crt0.o
 .text          0x00000000        0x0 .\CortexM0\ARM_GCC_473\Debug\main.o
 .text          0x00000000        0x0 .\CortexM0\ARM_GCC_473\Debug\cybootloader.o
 .data          0x00000000        0x0 .\CortexM0\ARM_GCC_473\Debug\cybootloader.o
 .bss           0x00000000        0x0 .\CortexM0\ARM_GCC_473\Debug\cybootloader.o
 .text          0x00000000        0x0 .\CortexM0\ARM_GCC_473\Debug\cymetadata.o
 .data          0x00000000        0x0 .\CortexM0\ARM_GCC_473\Debug\cymetadata.o
 .bss           0x00000000        0x0 .\CortexM0\ARM_GCC_473\Debug\cymetadata.o
 .text          0x00000000        0x0 .\CortexM0\ARM_GCC_473\Debug\Cm0Start.o
 .data          0x00000000        0x0 .\CortexM0\ARM_GCC_473\Debug\Cm0Start.o
 .bss           0x00000000        0x0 .\CortexM0\ARM_GCC_473\Debug\Cm0Start.o
 .text._exit    0x00000000       0x28 .\CortexM0\ARM_GCC_473\Debug\Cm0Start.o
 .text          0x00000000        0x0 .\CortexM0\ARM_GCC_473\Debug\cadeau_marraine.a(cyfitter_cfg.o)
 .bss           0x00000000        0x0 .\CortexM0\ARM_GCC_473\Debug\cadeau_marraine.a(cyfitter_cfg.o)
 .text.CYCONFIGCPY
                0x00000000       0x24 .\CortexM0\ARM_GCC_473\Debug\cadeau_marraine.a(cyfitter_cfg.o)
 .text.CYCONFIGCPYCODE
                0x00000000       0x24 .\CortexM0\ARM_GCC_473\Debug\cadeau_marraine.a(cyfitter_cfg.o)
 .text          0x00000000        0x0 .\CortexM0\ARM_GCC_473\Debug\cadeau_marraine.a(LCD_Char_1.o)
 .data          0x00000000        0x0 .\CortexM0\ARM_GCC_473\Debug\cadeau_marraine.a(LCD_Char_1.o)
 .text.LCD_Char_1_Stop
                0x00000000       0x18 .\CortexM0\ARM_GCC_473\Debug\cadeau_marraine.a(LCD_Char_1.o)
 .text.LCD_Char_1_PutChar
                0x00000000       0x1c .\CortexM0\ARM_GCC_473\Debug\cadeau_marraine.a(LCD_Char_1.o)
 .text.LCD_Char_1_PrintInt8
                0x00000000       0x3c .\CortexM0\ARM_GCC_473\Debug\cadeau_marraine.a(LCD_Char_1.o)
 .text.LCD_Char_1_PrintInt16
                0x00000000       0x30 .\CortexM0\ARM_GCC_473\Debug\cadeau_marraine.a(LCD_Char_1.o)
 .text.LCD_Char_1_PrintInt32
                0x00000000       0x48 .\CortexM0\ARM_GCC_473\Debug\cadeau_marraine.a(LCD_Char_1.o)
 .text.LCD_Char_1_PrintU32Number
                0x00000000       0xb8 .\CortexM0\ARM_GCC_473\Debug\cadeau_marraine.a(LCD_Char_1.o)
 .rodata        0x00000000       0x10 .\CortexM0\ARM_GCC_473\Debug\cadeau_marraine.a(LCD_Char_1.o)
 .text          0x00000000        0x0 .\CortexM0\ARM_GCC_473\Debug\cadeau_marraine.a(PWM_1.o)
 .data          0x00000000        0x0 .\CortexM0\ARM_GCC_473\Debug\cadeau_marraine.a(PWM_1.o)
 .text.PWM_1_Stop
                0x00000000       0x30 .\CortexM0\ARM_GCC_473\Debug\cadeau_marraine.a(PWM_1.o)
 .text.PWM_1_SetMode
                0x00000000       0x48 .\CortexM0\ARM_GCC_473\Debug\cadeau_marraine.a(PWM_1.o)
 .text.PWM_1_SetQDMode
                0x00000000       0x48 .\CortexM0\ARM_GCC_473\Debug\cadeau_marraine.a(PWM_1.o)
 .text.PWM_1_SetPrescaler
                0x00000000       0x48 .\CortexM0\ARM_GCC_473\Debug\cadeau_marraine.a(PWM_1.o)
 .text.PWM_1_SetOneShot
                0x00000000       0x4c .\CortexM0\ARM_GCC_473\Debug\cadeau_marraine.a(PWM_1.o)
 .text.PWM_1_SetPWMMode
                0x00000000       0x1c .\CortexM0\ARM_GCC_473\Debug\cadeau_marraine.a(PWM_1.o)
 .text.PWM_1_SetPWMSyncKill
                0x00000000       0x48 .\CortexM0\ARM_GCC_473\Debug\cadeau_marraine.a(PWM_1.o)
 .text.PWM_1_SetPWMStopOnKill
                0x00000000       0x48 .\CortexM0\ARM_GCC_473\Debug\cadeau_marraine.a(PWM_1.o)
 .text.PWM_1_SetPWMDeadTime
                0x00000000       0x4c .\CortexM0\ARM_GCC_473\Debug\cadeau_marraine.a(PWM_1.o)
 .text.PWM_1_SetPWMInvert
                0x00000000       0x48 .\CortexM0\ARM_GCC_473\Debug\cadeau_marraine.a(PWM_1.o)
 .text.PWM_1_WriteCounter
                0x00000000       0x1c .\CortexM0\ARM_GCC_473\Debug\cadeau_marraine.a(PWM_1.o)
 .text.PWM_1_ReadCounter
                0x00000000       0x18 .\CortexM0\ARM_GCC_473\Debug\cadeau_marraine.a(PWM_1.o)
 .text.PWM_1_SetCounterMode
                0x00000000       0x48 .\CortexM0\ARM_GCC_473\Debug\cadeau_marraine.a(PWM_1.o)
 .text.PWM_1_ReadPeriod
                0x00000000       0x18 .\CortexM0\ARM_GCC_473\Debug\cadeau_marraine.a(PWM_1.o)
 .text.PWM_1_SetCompareSwap
                0x00000000       0x48 .\CortexM0\ARM_GCC_473\Debug\cadeau_marraine.a(PWM_1.o)
 .text.PWM_1_WritePeriodBuf
                0x00000000       0x1c .\CortexM0\ARM_GCC_473\Debug\cadeau_marraine.a(PWM_1.o)
 .text.PWM_1_ReadPeriodBuf
                0x00000000       0x18 .\CortexM0\ARM_GCC_473\Debug\cadeau_marraine.a(PWM_1.o)
 .text.PWM_1_SetPeriodSwap
                0x00000000       0x48 .\CortexM0\ARM_GCC_473\Debug\cadeau_marraine.a(PWM_1.o)
 .text.PWM_1_ReadCompare
                0x00000000       0x18 .\CortexM0\ARM_GCC_473\Debug\cadeau_marraine.a(PWM_1.o)
 .text.PWM_1_WriteCompareBuf
                0x00000000       0x1c .\CortexM0\ARM_GCC_473\Debug\cadeau_marraine.a(PWM_1.o)
 .text.PWM_1_ReadCompareBuf
                0x00000000       0x18 .\CortexM0\ARM_GCC_473\Debug\cadeau_marraine.a(PWM_1.o)
 .text.PWM_1_ReadCapture
                0x00000000       0x18 .\CortexM0\ARM_GCC_473\Debug\cadeau_marraine.a(PWM_1.o)
 .text.PWM_1_ReadCaptureBuf
                0x00000000       0x18 .\CortexM0\ARM_GCC_473\Debug\cadeau_marraine.a(PWM_1.o)
 .text.PWM_1_SetCaptureMode
                0x00000000       0x44 .\CortexM0\ARM_GCC_473\Debug\cadeau_marraine.a(PWM_1.o)
 .text.PWM_1_SetReloadMode
                0x00000000       0x44 .\CortexM0\ARM_GCC_473\Debug\cadeau_marraine.a(PWM_1.o)
 .text.PWM_1_SetStartMode
                0x00000000       0x48 .\CortexM0\ARM_GCC_473\Debug\cadeau_marraine.a(PWM_1.o)
 .text.PWM_1_SetStopMode
                0x00000000       0x44 .\CortexM0\ARM_GCC_473\Debug\cadeau_marraine.a(PWM_1.o)
 .text.PWM_1_SetCountMode
                0x00000000       0x44 .\CortexM0\ARM_GCC_473\Debug\cadeau_marraine.a(PWM_1.o)
 .text.PWM_1_ReadStatus
                0x00000000       0x20 .\CortexM0\ARM_GCC_473\Debug\cadeau_marraine.a(PWM_1.o)
 .text.PWM_1_GetInterruptSourceMasked
                0x00000000       0x14 .\CortexM0\ARM_GCC_473\Debug\cadeau_marraine.a(PWM_1.o)
 .text.PWM_1_GetInterruptSource
                0x00000000       0x14 .\CortexM0\ARM_GCC_473\Debug\cadeau_marraine.a(PWM_1.o)
 .text.PWM_1_SetInterrupt
                0x00000000       0x18 .\CortexM0\ARM_GCC_473\Debug\cadeau_marraine.a(PWM_1.o)
 .text          0x00000000        0x0 .\CortexM0\ARM_GCC_473\Debug\cadeau_marraine.a(PWM_2.o)
 .data          0x00000000        0x0 .\CortexM0\ARM_GCC_473\Debug\cadeau_marraine.a(PWM_2.o)
 .text.PWM_2_Stop
                0x00000000       0x30 .\CortexM0\ARM_GCC_473\Debug\cadeau_marraine.a(PWM_2.o)
 .text.PWM_2_SetMode
                0x00000000       0x48 .\CortexM0\ARM_GCC_473\Debug\cadeau_marraine.a(PWM_2.o)
 .text.PWM_2_SetQDMode
                0x00000000       0x48 .\CortexM0\ARM_GCC_473\Debug\cadeau_marraine.a(PWM_2.o)
 .text.PWM_2_SetPrescaler
                0x00000000       0x48 .\CortexM0\ARM_GCC_473\Debug\cadeau_marraine.a(PWM_2.o)
 .text.PWM_2_SetOneShot
                0x00000000       0x4c .\CortexM0\ARM_GCC_473\Debug\cadeau_marraine.a(PWM_2.o)
 .text.PWM_2_SetPWMMode
                0x00000000       0x1c .\CortexM0\ARM_GCC_473\Debug\cadeau_marraine.a(PWM_2.o)
 .text.PWM_2_SetPWMSyncKill
                0x00000000       0x48 .\CortexM0\ARM_GCC_473\Debug\cadeau_marraine.a(PWM_2.o)
 .text.PWM_2_SetPWMStopOnKill
                0x00000000       0x48 .\CortexM0\ARM_GCC_473\Debug\cadeau_marraine.a(PWM_2.o)
 .text.PWM_2_SetPWMDeadTime
                0x00000000       0x4c .\CortexM0\ARM_GCC_473\Debug\cadeau_marraine.a(PWM_2.o)
 .text.PWM_2_SetPWMInvert
                0x00000000       0x48 .\CortexM0\ARM_GCC_473\Debug\cadeau_marraine.a(PWM_2.o)
 .text.PWM_2_WriteCounter
                0x00000000       0x1c .\CortexM0\ARM_GCC_473\Debug\cadeau_marraine.a(PWM_2.o)
 .text.PWM_2_ReadCounter
                0x00000000       0x18 .\CortexM0\ARM_GCC_473\Debug\cadeau_marraine.a(PWM_2.o)
 .text.PWM_2_SetCounterMode
                0x00000000       0x48 .\CortexM0\ARM_GCC_473\Debug\cadeau_marraine.a(PWM_2.o)
 .text.PWM_2_ReadPeriod
                0x00000000       0x18 .\CortexM0\ARM_GCC_473\Debug\cadeau_marraine.a(PWM_2.o)
 .text.PWM_2_SetCompareSwap
                0x00000000       0x48 .\CortexM0\ARM_GCC_473\Debug\cadeau_marraine.a(PWM_2.o)
 .text.PWM_2_WritePeriodBuf
                0x00000000       0x1c .\CortexM0\ARM_GCC_473\Debug\cadeau_marraine.a(PWM_2.o)
 .text.PWM_2_ReadPeriodBuf
                0x00000000       0x18 .\CortexM0\ARM_GCC_473\Debug\cadeau_marraine.a(PWM_2.o)
 .text.PWM_2_SetPeriodSwap
                0x00000000       0x48 .\CortexM0\ARM_GCC_473\Debug\cadeau_marraine.a(PWM_2.o)
 .text.PWM_2_ReadCompare
                0x00000000       0x18 .\CortexM0\ARM_GCC_473\Debug\cadeau_marraine.a(PWM_2.o)
 .text.PWM_2_WriteCompareBuf
                0x00000000       0x1c .\CortexM0\ARM_GCC_473\Debug\cadeau_marraine.a(PWM_2.o)
 .text.PWM_2_ReadCompareBuf
                0x00000000       0x18 .\CortexM0\ARM_GCC_473\Debug\cadeau_marraine.a(PWM_2.o)
 .text.PWM_2_ReadCapture
                0x00000000       0x18 .\CortexM0\ARM_GCC_473\Debug\cadeau_marraine.a(PWM_2.o)
 .text.PWM_2_ReadCaptureBuf
                0x00000000       0x18 .\CortexM0\ARM_GCC_473\Debug\cadeau_marraine.a(PWM_2.o)
 .text.PWM_2_SetCaptureMode
                0x00000000       0x44 .\CortexM0\ARM_GCC_473\Debug\cadeau_marraine.a(PWM_2.o)
 .text.PWM_2_SetReloadMode
                0x00000000       0x44 .\CortexM0\ARM_GCC_473\Debug\cadeau_marraine.a(PWM_2.o)
 .text.PWM_2_SetStartMode
                0x00000000       0x48 .\CortexM0\ARM_GCC_473\Debug\cadeau_marraine.a(PWM_2.o)
 .text.PWM_2_SetStopMode
                0x00000000       0x44 .\CortexM0\ARM_GCC_473\Debug\cadeau_marraine.a(PWM_2.o)
 .text.PWM_2_SetCountMode
                0x00000000       0x44 .\CortexM0\ARM_GCC_473\Debug\cadeau_marraine.a(PWM_2.o)
 .text.PWM_2_ReadStatus
                0x00000000       0x20 .\CortexM0\ARM_GCC_473\Debug\cadeau_marraine.a(PWM_2.o)
 .text.PWM_2_GetInterruptSourceMasked
                0x00000000       0x14 .\CortexM0\ARM_GCC_473\Debug\cadeau_marraine.a(PWM_2.o)
 .text.PWM_2_GetInterruptSource
                0x00000000       0x14 .\CortexM0\ARM_GCC_473\Debug\cadeau_marraine.a(PWM_2.o)
 .text.PWM_2_SetInterrupt
                0x00000000       0x18 .\CortexM0\ARM_GCC_473\Debug\cadeau_marraine.a(PWM_2.o)
 .text          0x00000000        0x0 .\CortexM0\ARM_GCC_473\Debug\cadeau_marraine.a(PWM_3.o)
 .data          0x00000000        0x0 .\CortexM0\ARM_GCC_473\Debug\cadeau_marraine.a(PWM_3.o)
 .text.PWM_3_Stop
                0x00000000       0x30 .\CortexM0\ARM_GCC_473\Debug\cadeau_marraine.a(PWM_3.o)
 .text.PWM_3_SetMode
                0x00000000       0x48 .\CortexM0\ARM_GCC_473\Debug\cadeau_marraine.a(PWM_3.o)
 .text.PWM_3_SetQDMode
                0x00000000       0x48 .\CortexM0\ARM_GCC_473\Debug\cadeau_marraine.a(PWM_3.o)
 .text.PWM_3_SetPrescaler
                0x00000000       0x48 .\CortexM0\ARM_GCC_473\Debug\cadeau_marraine.a(PWM_3.o)
 .text.PWM_3_SetOneShot
                0x00000000       0x4c .\CortexM0\ARM_GCC_473\Debug\cadeau_marraine.a(PWM_3.o)
 .text.PWM_3_SetPWMMode
                0x00000000       0x1c .\CortexM0\ARM_GCC_473\Debug\cadeau_marraine.a(PWM_3.o)
 .text.PWM_3_SetPWMSyncKill
                0x00000000       0x48 .\CortexM0\ARM_GCC_473\Debug\cadeau_marraine.a(PWM_3.o)
 .text.PWM_3_SetPWMStopOnKill
                0x00000000       0x48 .\CortexM0\ARM_GCC_473\Debug\cadeau_marraine.a(PWM_3.o)
 .text.PWM_3_SetPWMDeadTime
                0x00000000       0x4c .\CortexM0\ARM_GCC_473\Debug\cadeau_marraine.a(PWM_3.o)
 .text.PWM_3_SetPWMInvert
                0x00000000       0x48 .\CortexM0\ARM_GCC_473\Debug\cadeau_marraine.a(PWM_3.o)
 .text.PWM_3_WriteCounter
                0x00000000       0x1c .\CortexM0\ARM_GCC_473\Debug\cadeau_marraine.a(PWM_3.o)
 .text.PWM_3_ReadCounter
                0x00000000       0x18 .\CortexM0\ARM_GCC_473\Debug\cadeau_marraine.a(PWM_3.o)
 .text.PWM_3_SetCounterMode
                0x00000000       0x48 .\CortexM0\ARM_GCC_473\Debug\cadeau_marraine.a(PWM_3.o)
 .text.PWM_3_ReadPeriod
                0x00000000       0x18 .\CortexM0\ARM_GCC_473\Debug\cadeau_marraine.a(PWM_3.o)
 .text.PWM_3_SetCompareSwap
                0x00000000       0x48 .\CortexM0\ARM_GCC_473\Debug\cadeau_marraine.a(PWM_3.o)
 .text.PWM_3_WritePeriodBuf
                0x00000000       0x1c .\CortexM0\ARM_GCC_473\Debug\cadeau_marraine.a(PWM_3.o)
 .text.PWM_3_ReadPeriodBuf
                0x00000000       0x18 .\CortexM0\ARM_GCC_473\Debug\cadeau_marraine.a(PWM_3.o)
 .text.PWM_3_SetPeriodSwap
                0x00000000       0x48 .\CortexM0\ARM_GCC_473\Debug\cadeau_marraine.a(PWM_3.o)
 .text.PWM_3_ReadCompare
                0x00000000       0x18 .\CortexM0\ARM_GCC_473\Debug\cadeau_marraine.a(PWM_3.o)
 .text.PWM_3_WriteCompareBuf
                0x00000000       0x1c .\CortexM0\ARM_GCC_473\Debug\cadeau_marraine.a(PWM_3.o)
 .text.PWM_3_ReadCompareBuf
                0x00000000       0x18 .\CortexM0\ARM_GCC_473\Debug\cadeau_marraine.a(PWM_3.o)
 .text.PWM_3_ReadCapture
                0x00000000       0x18 .\CortexM0\ARM_GCC_473\Debug\cadeau_marraine.a(PWM_3.o)
 .text.PWM_3_ReadCaptureBuf
                0x00000000       0x18 .\CortexM0\ARM_GCC_473\Debug\cadeau_marraine.a(PWM_3.o)
 .text.PWM_3_SetCaptureMode
                0x00000000       0x44 .\CortexM0\ARM_GCC_473\Debug\cadeau_marraine.a(PWM_3.o)
 .text.PWM_3_SetReloadMode
                0x00000000       0x44 .\CortexM0\ARM_GCC_473\Debug\cadeau_marraine.a(PWM_3.o)
 .text.PWM_3_SetStartMode
                0x00000000       0x48 .\CortexM0\ARM_GCC_473\Debug\cadeau_marraine.a(PWM_3.o)
 .text.PWM_3_SetStopMode
                0x00000000       0x44 .\CortexM0\ARM_GCC_473\Debug\cadeau_marraine.a(PWM_3.o)
 .text.PWM_3_SetCountMode
                0x00000000       0x44 .\CortexM0\ARM_GCC_473\Debug\cadeau_marraine.a(PWM_3.o)
 .text.PWM_3_ReadStatus
                0x00000000       0x20 .\CortexM0\ARM_GCC_473\Debug\cadeau_marraine.a(PWM_3.o)
 .text.PWM_3_GetInterruptSourceMasked
                0x00000000       0x14 .\CortexM0\ARM_GCC_473\Debug\cadeau_marraine.a(PWM_3.o)
 .text.PWM_3_GetInterruptSource
                0x00000000       0x14 .\CortexM0\ARM_GCC_473\Debug\cadeau_marraine.a(PWM_3.o)
 .text.PWM_3_SetInterrupt
                0x00000000       0x18 .\CortexM0\ARM_GCC_473\Debug\cadeau_marraine.a(PWM_3.o)
 .text          0x00000000        0x0 .\CortexM0\ARM_GCC_473\Debug\cadeau_marraine.a(TC1_ISR.o)
 .data          0x00000000        0x0 .\CortexM0\ARM_GCC_473\Debug\cadeau_marraine.a(TC1_ISR.o)
 .bss           0x00000000        0x0 .\CortexM0\ARM_GCC_473\Debug\cadeau_marraine.a(TC1_ISR.o)
 .text.TC1_ISR_Start
                0x00000000       0x24 .\CortexM0\ARM_GCC_473\Debug\cadeau_marraine.a(TC1_ISR.o)
 .text.TC1_ISR_Stop
                0x00000000       0x18 .\CortexM0\ARM_GCC_473\Debug\cadeau_marraine.a(TC1_ISR.o)
 .text.TC1_ISR_Interrupt
                0x00000000        0x8 .\CortexM0\ARM_GCC_473\Debug\cadeau_marraine.a(TC1_ISR.o)
 .text.TC1_ISR_GetVector
                0x00000000       0x14 .\CortexM0\ARM_GCC_473\Debug\cadeau_marraine.a(TC1_ISR.o)
 .text.TC1_ISR_GetPriority
                0x00000000       0x2c .\CortexM0\ARM_GCC_473\Debug\cadeau_marraine.a(TC1_ISR.o)
 .text.TC1_ISR_GetState
                0x00000000       0x20 .\CortexM0\ARM_GCC_473\Debug\cadeau_marraine.a(TC1_ISR.o)
 .text.TC1_ISR_SetPending
                0x00000000       0x14 .\CortexM0\ARM_GCC_473\Debug\cadeau_marraine.a(TC1_ISR.o)
 .text.TC1_ISR_ClearPending
                0x00000000       0x14 .\CortexM0\ARM_GCC_473\Debug\cadeau_marraine.a(TC1_ISR.o)
 .text          0x00000000        0x0 .\CortexM0\ARM_GCC_473\Debug\cadeau_marraine.a(TC2_ISR.o)
 .data          0x00000000        0x0 .\CortexM0\ARM_GCC_473\Debug\cadeau_marraine.a(TC2_ISR.o)
 .bss           0x00000000        0x0 .\CortexM0\ARM_GCC_473\Debug\cadeau_marraine.a(TC2_ISR.o)
 .text.TC2_ISR_Start
                0x00000000       0x24 .\CortexM0\ARM_GCC_473\Debug\cadeau_marraine.a(TC2_ISR.o)
 .text.TC2_ISR_Stop
                0x00000000       0x18 .\CortexM0\ARM_GCC_473\Debug\cadeau_marraine.a(TC2_ISR.o)
 .text.TC2_ISR_Interrupt
                0x00000000        0x8 .\CortexM0\ARM_GCC_473\Debug\cadeau_marraine.a(TC2_ISR.o)
 .text.TC2_ISR_GetVector
                0x00000000       0x14 .\CortexM0\ARM_GCC_473\Debug\cadeau_marraine.a(TC2_ISR.o)
 .text.TC2_ISR_GetPriority
                0x00000000       0x2c .\CortexM0\ARM_GCC_473\Debug\cadeau_marraine.a(TC2_ISR.o)
 .text.TC2_ISR_GetState
                0x00000000       0x20 .\CortexM0\ARM_GCC_473\Debug\cadeau_marraine.a(TC2_ISR.o)
 .text.TC2_ISR_SetPending
                0x00000000       0x14 .\CortexM0\ARM_GCC_473\Debug\cadeau_marraine.a(TC2_ISR.o)
 .text.TC2_ISR_ClearPending
                0x00000000       0x14 .\CortexM0\ARM_GCC_473\Debug\cadeau_marraine.a(TC2_ISR.o)
 .text          0x00000000        0x0 .\CortexM0\ARM_GCC_473\Debug\cadeau_marraine.a(TC3_ISR.o)
 .data          0x00000000        0x0 .\CortexM0\ARM_GCC_473\Debug\cadeau_marraine.a(TC3_ISR.o)
 .bss           0x00000000        0x0 .\CortexM0\ARM_GCC_473\Debug\cadeau_marraine.a(TC3_ISR.o)
 .text.TC3_ISR_Start
                0x00000000       0x24 .\CortexM0\ARM_GCC_473\Debug\cadeau_marraine.a(TC3_ISR.o)
 .text.TC3_ISR_Stop
                0x00000000       0x18 .\CortexM0\ARM_GCC_473\Debug\cadeau_marraine.a(TC3_ISR.o)
 .text.TC3_ISR_Interrupt
                0x00000000        0x8 .\CortexM0\ARM_GCC_473\Debug\cadeau_marraine.a(TC3_ISR.o)
 .text.TC3_ISR_GetVector
                0x00000000       0x14 .\CortexM0\ARM_GCC_473\Debug\cadeau_marraine.a(TC3_ISR.o)
 .text.TC3_ISR_GetPriority
                0x00000000       0x30 .\CortexM0\ARM_GCC_473\Debug\cadeau_marraine.a(TC3_ISR.o)
 .text.TC3_ISR_GetState
                0x00000000       0x20 .\CortexM0\ARM_GCC_473\Debug\cadeau_marraine.a(TC3_ISR.o)
 .text.TC3_ISR_SetPending
                0x00000000       0x14 .\CortexM0\ARM_GCC_473\Debug\cadeau_marraine.a(TC3_ISR.o)
 .text.TC3_ISR_ClearPending
                0x00000000       0x14 .\CortexM0\ARM_GCC_473\Debug\cadeau_marraine.a(TC3_ISR.o)
 .text          0x00000000        0x0 .\CortexM0\ARM_GCC_473\Debug\cadeau_marraine.a(TIM_4.o)
 .data          0x00000000        0x0 .\CortexM0\ARM_GCC_473\Debug\cadeau_marraine.a(TIM_4.o)
 .text.TIM_4_Stop
                0x00000000       0x30 .\CortexM0\ARM_GCC_473\Debug\cadeau_marraine.a(TIM_4.o)
 .text.TIM_4_SetMode
                0x00000000       0x48 .\CortexM0\ARM_GCC_473\Debug\cadeau_marraine.a(TIM_4.o)
 .text.TIM_4_SetQDMode
                0x00000000       0x48 .\CortexM0\ARM_GCC_473\Debug\cadeau_marraine.a(TIM_4.o)
 .text.TIM_4_SetPrescaler
                0x00000000       0x48 .\CortexM0\ARM_GCC_473\Debug\cadeau_marraine.a(TIM_4.o)
 .text.TIM_4_SetOneShot
                0x00000000       0x4c .\CortexM0\ARM_GCC_473\Debug\cadeau_marraine.a(TIM_4.o)
 .text.TIM_4_SetPWMMode
                0x00000000       0x1c .\CortexM0\ARM_GCC_473\Debug\cadeau_marraine.a(TIM_4.o)
 .text.TIM_4_SetPWMSyncKill
                0x00000000       0x48 .\CortexM0\ARM_GCC_473\Debug\cadeau_marraine.a(TIM_4.o)
 .text.TIM_4_SetPWMStopOnKill
                0x00000000       0x48 .\CortexM0\ARM_GCC_473\Debug\cadeau_marraine.a(TIM_4.o)
 .text.TIM_4_SetPWMDeadTime
                0x00000000       0x4c .\CortexM0\ARM_GCC_473\Debug\cadeau_marraine.a(TIM_4.o)
 .text.TIM_4_SetPWMInvert
                0x00000000       0x48 .\CortexM0\ARM_GCC_473\Debug\cadeau_marraine.a(TIM_4.o)
 .text.TIM_4_WriteCounter
                0x00000000       0x1c .\CortexM0\ARM_GCC_473\Debug\cadeau_marraine.a(TIM_4.o)
 .text.TIM_4_ReadCounter
                0x00000000       0x18 .\CortexM0\ARM_GCC_473\Debug\cadeau_marraine.a(TIM_4.o)
 .text.TIM_4_SetCounterMode
                0x00000000       0x48 .\CortexM0\ARM_GCC_473\Debug\cadeau_marraine.a(TIM_4.o)
 .text.TIM_4_ReadPeriod
                0x00000000       0x18 .\CortexM0\ARM_GCC_473\Debug\cadeau_marraine.a(TIM_4.o)
 .text.TIM_4_SetCompareSwap
                0x00000000       0x48 .\CortexM0\ARM_GCC_473\Debug\cadeau_marraine.a(TIM_4.o)
 .text.TIM_4_WritePeriodBuf
                0x00000000       0x1c .\CortexM0\ARM_GCC_473\Debug\cadeau_marraine.a(TIM_4.o)
 .text.TIM_4_ReadPeriodBuf
                0x00000000       0x18 .\CortexM0\ARM_GCC_473\Debug\cadeau_marraine.a(TIM_4.o)
 .text.TIM_4_SetPeriodSwap
                0x00000000       0x48 .\CortexM0\ARM_GCC_473\Debug\cadeau_marraine.a(TIM_4.o)
 .text.TIM_4_WriteCompare
                0x00000000       0x1c .\CortexM0\ARM_GCC_473\Debug\cadeau_marraine.a(TIM_4.o)
 .text.TIM_4_ReadCompare
                0x00000000       0x18 .\CortexM0\ARM_GCC_473\Debug\cadeau_marraine.a(TIM_4.o)
 .text.TIM_4_WriteCompareBuf
                0x00000000       0x1c .\CortexM0\ARM_GCC_473\Debug\cadeau_marraine.a(TIM_4.o)
 .text.TIM_4_ReadCompareBuf
                0x00000000       0x18 .\CortexM0\ARM_GCC_473\Debug\cadeau_marraine.a(TIM_4.o)
 .text.TIM_4_ReadCapture
                0x00000000       0x18 .\CortexM0\ARM_GCC_473\Debug\cadeau_marraine.a(TIM_4.o)
 .text.TIM_4_ReadCaptureBuf
                0x00000000       0x18 .\CortexM0\ARM_GCC_473\Debug\cadeau_marraine.a(TIM_4.o)
 .text.TIM_4_SetCaptureMode
                0x00000000       0x44 .\CortexM0\ARM_GCC_473\Debug\cadeau_marraine.a(TIM_4.o)
 .text.TIM_4_SetReloadMode
                0x00000000       0x44 .\CortexM0\ARM_GCC_473\Debug\cadeau_marraine.a(TIM_4.o)
 .text.TIM_4_SetStartMode
                0x00000000       0x48 .\CortexM0\ARM_GCC_473\Debug\cadeau_marraine.a(TIM_4.o)
 .text.TIM_4_SetStopMode
                0x00000000       0x44 .\CortexM0\ARM_GCC_473\Debug\cadeau_marraine.a(TIM_4.o)
 .text.TIM_4_SetCountMode
                0x00000000       0x44 .\CortexM0\ARM_GCC_473\Debug\cadeau_marraine.a(TIM_4.o)
 .text.TIM_4_ReadStatus
                0x00000000       0x20 .\CortexM0\ARM_GCC_473\Debug\cadeau_marraine.a(TIM_4.o)
 .text.TIM_4_GetInterruptSourceMasked
                0x00000000       0x14 .\CortexM0\ARM_GCC_473\Debug\cadeau_marraine.a(TIM_4.o)
 .text.TIM_4_GetInterruptSource
                0x00000000       0x14 .\CortexM0\ARM_GCC_473\Debug\cadeau_marraine.a(TIM_4.o)
 .text.TIM_4_SetInterrupt
                0x00000000       0x18 .\CortexM0\ARM_GCC_473\Debug\cadeau_marraine.a(TIM_4.o)
 .text          0x00000000        0x0 .\CortexM0\ARM_GCC_473\Debug\cadeau_marraine.a(TC4_ISR.o)
 .data          0x00000000        0x0 .\CortexM0\ARM_GCC_473\Debug\cadeau_marraine.a(TC4_ISR.o)
 .bss           0x00000000        0x0 .\CortexM0\ARM_GCC_473\Debug\cadeau_marraine.a(TC4_ISR.o)
 .text.TC4_ISR_Start
                0x00000000       0x24 .\CortexM0\ARM_GCC_473\Debug\cadeau_marraine.a(TC4_ISR.o)
 .text.TC4_ISR_Stop
                0x00000000       0x18 .\CortexM0\ARM_GCC_473\Debug\cadeau_marraine.a(TC4_ISR.o)
 .text.TC4_ISR_Interrupt
                0x00000000        0x8 .\CortexM0\ARM_GCC_473\Debug\cadeau_marraine.a(TC4_ISR.o)
 .text.TC4_ISR_GetVector
                0x00000000       0x14 .\CortexM0\ARM_GCC_473\Debug\cadeau_marraine.a(TC4_ISR.o)
 .text.TC4_ISR_GetPriority
                0x00000000       0x30 .\CortexM0\ARM_GCC_473\Debug\cadeau_marraine.a(TC4_ISR.o)
 .text.TC4_ISR_GetState
                0x00000000       0x20 .\CortexM0\ARM_GCC_473\Debug\cadeau_marraine.a(TC4_ISR.o)
 .text.TC4_ISR_SetPending
                0x00000000       0x14 .\CortexM0\ARM_GCC_473\Debug\cadeau_marraine.a(TC4_ISR.o)
 .text.TC4_ISR_ClearPending
                0x00000000       0x14 .\CortexM0\ARM_GCC_473\Debug\cadeau_marraine.a(TC4_ISR.o)
 .data          0x00000000        0x0 .\CortexM0\ARM_GCC_473\Debug\cadeau_marraine.a(CyBootAsmGnu.o)
 .bss           0x00000000        0x0 .\CortexM0\ARM_GCC_473\Debug\cadeau_marraine.a(CyBootAsmGnu.o)
 .text          0x00000000        0x0 .\CortexM0\ARM_GCC_473\Debug\cadeau_marraine.a(CyLib.o)
 .bss           0x00000000        0x0 .\CortexM0\ARM_GCC_473\Debug\cadeau_marraine.a(CyLib.o)
 .text.CySysClkImoStart
                0x00000000       0x1c .\CortexM0\ARM_GCC_473\Debug\cadeau_marraine.a(CyLib.o)
 .text.CySysClkImoStop
                0x00000000       0x18 .\CortexM0\ARM_GCC_473\Debug\cadeau_marraine.a(CyLib.o)
 .text.CySysClkIloStart
                0x00000000       0x1c .\CortexM0\ARM_GCC_473\Debug\cadeau_marraine.a(CyLib.o)
 .text.CySysClkIloStop
                0x00000000       0x18 .\CortexM0\ARM_GCC_473\Debug\cadeau_marraine.a(CyLib.o)
 .text.CySysClkWriteHfclkDirect
                0x00000000       0x44 .\CortexM0\ARM_GCC_473\Debug\cadeau_marraine.a(CyLib.o)
 .text.CySysClkWriteSysclkDiv
                0x00000000       0x44 .\CortexM0\ARM_GCC_473\Debug\cadeau_marraine.a(CyLib.o)
 .text.CySysClkWriteImoFreq
                0x00000000      0x200 .\CortexM0\ARM_GCC_473\Debug\cadeau_marraine.a(CyLib.o)
 .text.CySysWdtLock
                0x00000000       0x44 .\CortexM0\ARM_GCC_473\Debug\cadeau_marraine.a(CyLib.o)
 .text.CySysWdtUnlock
                0x00000000       0x5c .\CortexM0\ARM_GCC_473\Debug\cadeau_marraine.a(CyLib.o)
 .text.CySysWdtReadEnabledStatus
                0x00000000       0x30 .\CortexM0\ARM_GCC_473\Debug\cadeau_marraine.a(CyLib.o)
 .text.CySysWdtWriteMode
                0x00000000       0x70 .\CortexM0\ARM_GCC_473\Debug\cadeau_marraine.a(CyLib.o)
 .text.CySysWdtReadMode
                0x00000000       0x24 .\CortexM0\ARM_GCC_473\Debug\cadeau_marraine.a(CyLib.o)
 .text.CySysWdtWriteClearOnMatch
                0x00000000       0x68 .\CortexM0\ARM_GCC_473\Debug\cadeau_marraine.a(CyLib.o)
 .text.CySysWdtReadClearOnMatch
                0x00000000       0x40 .\CortexM0\ARM_GCC_473\Debug\cadeau_marraine.a(CyLib.o)
 .text.CySysWdtEnable
                0x00000000       0x30 .\CortexM0\ARM_GCC_473\Debug\cadeau_marraine.a(CyLib.o)
 .text.CySysWdtDisable
                0x00000000       0x30 .\CortexM0\ARM_GCC_473\Debug\cadeau_marraine.a(CyLib.o)
 .text.CySysWdtWriteCascade
                0x00000000       0x68 .\CortexM0\ARM_GCC_473\Debug\cadeau_marraine.a(CyLib.o)
 .text.CySysWdtReadCascade
                0x00000000       0x1c .\CortexM0\ARM_GCC_473\Debug\cadeau_marraine.a(CyLib.o)
 .text.CySysWdtWriteMatch
                0x00000000       0x74 .\CortexM0\ARM_GCC_473\Debug\cadeau_marraine.a(CyLib.o)
 .text.CySysWdtWriteToggleBit
                0x00000000       0x54 .\CortexM0\ARM_GCC_473\Debug\cadeau_marraine.a(CyLib.o)
 .text.CySysWdtReadToggleBit
                0x00000000       0x18 .\CortexM0\ARM_GCC_473\Debug\cadeau_marraine.a(CyLib.o)
 .text.CySysWdtReadMatch
                0x00000000       0x44 .\CortexM0\ARM_GCC_473\Debug\cadeau_marraine.a(CyLib.o)
 .text.CySysWdtReadCount
                0x00000000       0x54 .\CortexM0\ARM_GCC_473\Debug\cadeau_marraine.a(CyLib.o)
 .text.CySysWdtGetInterruptSource
                0x00000000       0x1c .\CortexM0\ARM_GCC_473\Debug\cadeau_marraine.a(CyLib.o)
 .text.CySysWdtClearInterrupt
                0x00000000       0xb8 .\CortexM0\ARM_GCC_473\Debug\cadeau_marraine.a(CyLib.o)
 .text.CySysWdtResetCounters
                0x00000000       0x38 .\CortexM0\ARM_GCC_473\Debug\cadeau_marraine.a(CyLib.o)
 .text.CySysLvdEnable
                0x00000000       0x48 .\CortexM0\ARM_GCC_473\Debug\cadeau_marraine.a(CyLib.o)
 .text.CySysLvdDisable
                0x00000000       0x28 .\CortexM0\ARM_GCC_473\Debug\cadeau_marraine.a(CyLib.o)
 .text.CySysLvdGetInterruptSource
                0x00000000       0x18 .\CortexM0\ARM_GCC_473\Debug\cadeau_marraine.a(CyLib.o)
 .text.CySysLvdClearInterrupt
                0x00000000       0x14 .\CortexM0\ARM_GCC_473\Debug\cadeau_marraine.a(CyLib.o)
 .text.CySysGetResetReason
                0x00000000       0x30 .\CortexM0\ARM_GCC_473\Debug\cadeau_marraine.a(CyLib.o)
 .text.CyDisableInts
                0x00000000       0x24 .\CortexM0\ARM_GCC_473\Debug\cadeau_marraine.a(CyLib.o)
 .text.CyEnableInts
                0x00000000       0x18 .\CortexM0\ARM_GCC_473\Debug\cadeau_marraine.a(CyLib.o)
 .text.CyIntSetSysVector
                0x00000000       0x48 .\CortexM0\ARM_GCC_473\Debug\cadeau_marraine.a(CyLib.o)
 .text.CyIntGetSysVector
                0x00000000       0x34 .\CortexM0\ARM_GCC_473\Debug\cadeau_marraine.a(CyLib.o)
 .text.CyIntSetVector
                0x00000000       0x4c .\CortexM0\ARM_GCC_473\Debug\cadeau_marraine.a(CyLib.o)
 .text.CyIntGetVector
                0x00000000       0x38 .\CortexM0\ARM_GCC_473\Debug\cadeau_marraine.a(CyLib.o)
 .text.CyIntSetPriority
                0x00000000       0xa8 .\CortexM0\ARM_GCC_473\Debug\cadeau_marraine.a(CyLib.o)
 .text.CyIntGetPriority
                0x00000000       0x58 .\CortexM0\ARM_GCC_473\Debug\cadeau_marraine.a(CyLib.o)
 .text.CyIntEnable
                0x00000000       0x2c .\CortexM0\ARM_GCC_473\Debug\cadeau_marraine.a(CyLib.o)
 .text.CyIntGetState
                0x00000000       0x34 .\CortexM0\ARM_GCC_473\Debug\cadeau_marraine.a(CyLib.o)
 .text.CyIntDisable
                0x00000000       0x2c .\CortexM0\ARM_GCC_473\Debug\cadeau_marraine.a(CyLib.o)
 .text.CyIntSetPending
                0x00000000       0x2c .\CortexM0\ARM_GCC_473\Debug\cadeau_marraine.a(CyLib.o)
 .text.CyIntClearPending
                0x00000000       0x2c .\CortexM0\ARM_GCC_473\Debug\cadeau_marraine.a(CyLib.o)
 .text.CyHalt   0x00000000       0x14 .\CortexM0\ARM_GCC_473\Debug\cadeau_marraine.a(CyLib.o)
 .text.CySoftwareReset
                0x00000000       0x20 .\CortexM0\ARM_GCC_473\Debug\cadeau_marraine.a(CyLib.o)
 .text.CyDelayFreq
                0x00000000       0x80 .\CortexM0\ARM_GCC_473\Debug\cadeau_marraine.a(CyLib.o)
 .rodata        0x00000000       0x30 .\CortexM0\ARM_GCC_473\Debug\cadeau_marraine.a(CyLib.o)
 .text          0x00000000       0x9c c:/program files (x86)/cypress/psoc creator/3.0/psoc creator/import/gnu_cs/arm/4.7.3/bin/../lib/gcc/arm-none-eabi/4.7.3/armv6-m\libgcc.a(_udivsi3.o)
 .data          0x00000000        0x0 c:/program files (x86)/cypress/psoc creator/3.0/psoc creator/import/gnu_cs/arm/4.7.3/bin/../lib/gcc/arm-none-eabi/4.7.3/armv6-m\libgcc.a(_udivsi3.o)
 .bss           0x00000000        0x0 c:/program files (x86)/cypress/psoc creator/3.0/psoc creator/import/gnu_cs/arm/4.7.3/bin/../lib/gcc/arm-none-eabi/4.7.3/armv6-m\libgcc.a(_udivsi3.o)
 .data          0x00000000        0x0 c:/program files (x86)/cypress/psoc creator/3.0/psoc creator/import/gnu_cs/arm/4.7.3/bin/../lib/gcc/arm-none-eabi/4.7.3/armv6-m\libgcc.a(_divsi3.o)
 .bss           0x00000000        0x0 c:/program files (x86)/cypress/psoc creator/3.0/psoc creator/import/gnu_cs/arm/4.7.3/bin/../lib/gcc/arm-none-eabi/4.7.3/armv6-m\libgcc.a(_divsi3.o)
 .data          0x00000000        0x0 c:/program files (x86)/cypress/psoc creator/3.0/psoc creator/import/gnu_cs/arm/4.7.3/bin/../lib/gcc/arm-none-eabi/4.7.3/armv6-m\libgcc.a(_dvmd_tls.o)
 .bss           0x00000000        0x0 c:/program files (x86)/cypress/psoc creator/3.0/psoc creator/import/gnu_cs/arm/4.7.3/bin/../lib/gcc/arm-none-eabi/4.7.3/armv6-m\libgcc.a(_dvmd_tls.o)
 .text          0x00000000        0x0 c:/program files (x86)/cypress/psoc creator/3.0/psoc creator/import/gnu_cs/arm/4.7.3/bin/../lib/gcc/arm-none-eabi/4.7.3/../../../../arm-none-eabi/lib/armv6-m\libc_s.a(lib_a-__atexit2.o)
 .data          0x00000000        0x0 c:/program files (x86)/cypress/psoc creator/3.0/psoc creator/import/gnu_cs/arm/4.7.3/bin/../lib/gcc/arm-none-eabi/4.7.3/../../../../arm-none-eabi/lib/armv6-m\libc_s.a(lib_a-__atexit2.o)
 .bss           0x00000000        0x0 c:/program files (x86)/cypress/psoc creator/3.0/psoc creator/import/gnu_cs/arm/4.7.3/bin/../lib/gcc/arm-none-eabi/4.7.3/../../../../arm-none-eabi/lib/armv6-m\libc_s.a(lib_a-__atexit2.o)
 .text.__register_exitproc
                0x00000000       0x18 c:/program files (x86)/cypress/psoc creator/3.0/psoc creator/import/gnu_cs/arm/4.7.3/bin/../lib/gcc/arm-none-eabi/4.7.3/../../../../arm-none-eabi/lib/armv6-m\libc_s.a(lib_a-__atexit2.o)
 .text          0x00000000        0x0 c:/program files (x86)/cypress/psoc creator/3.0/psoc creator/import/gnu_cs/arm/4.7.3/bin/../lib/gcc/arm-none-eabi/4.7.3/../../../../arm-none-eabi/lib/armv6-m\libc_s.a(lib_a-exit.o)
 .data          0x00000000        0x0 c:/program files (x86)/cypress/psoc creator/3.0/psoc creator/import/gnu_cs/arm/4.7.3/bin/../lib/gcc/arm-none-eabi/4.7.3/../../../../arm-none-eabi/lib/armv6-m\libc_s.a(lib_a-exit.o)
 .bss           0x00000000        0x0 c:/program files (x86)/cypress/psoc creator/3.0/psoc creator/import/gnu_cs/arm/4.7.3/bin/../lib/gcc/arm-none-eabi/4.7.3/../../../../arm-none-eabi/lib/armv6-m\libc_s.a(lib_a-exit.o)
 .text.exit     0x00000000       0x30 c:/program files (x86)/cypress/psoc creator/3.0/psoc creator/import/gnu_cs/arm/4.7.3/bin/../lib/gcc/arm-none-eabi/4.7.3/../../../../arm-none-eabi/lib/armv6-m\libc_s.a(lib_a-exit.o)
 .text          0x00000000        0x0 c:/program files (x86)/cypress/psoc creator/3.0/psoc creator/import/gnu_cs/arm/4.7.3/bin/../lib/gcc/arm-none-eabi/4.7.3/../../../../arm-none-eabi/lib/armv6-m\libc_s.a(lib_a-fini.o)
 .data          0x00000000        0x0 c:/program files (x86)/cypress/psoc creator/3.0/psoc creator/import/gnu_cs/arm/4.7.3/bin/../lib/gcc/arm-none-eabi/4.7.3/../../../../arm-none-eabi/lib/armv6-m\libc_s.a(lib_a-fini.o)
 .bss           0x00000000        0x0 c:/program files (x86)/cypress/psoc creator/3.0/psoc creator/import/gnu_cs/arm/4.7.3/bin/../lib/gcc/arm-none-eabi/4.7.3/../../../../arm-none-eabi/lib/armv6-m\libc_s.a(lib_a-fini.o)
 .text.__libc_fini_array
                0x00000000       0x2c c:/program files (x86)/cypress/psoc creator/3.0/psoc creator/import/gnu_cs/arm/4.7.3/bin/../lib/gcc/arm-none-eabi/4.7.3/../../../../arm-none-eabi/lib/armv6-m\libc_s.a(lib_a-fini.o)
 .text          0x00000000        0x0 c:/program files (x86)/cypress/psoc creator/3.0/psoc creator/import/gnu_cs/arm/4.7.3/bin/../lib/gcc/arm-none-eabi/4.7.3/../../../../arm-none-eabi/lib/armv6-m\libc_s.a(lib_a-impure.o)
 .data          0x00000000        0x0 c:/program files (x86)/cypress/psoc creator/3.0/psoc creator/import/gnu_cs/arm/4.7.3/bin/../lib/gcc/arm-none-eabi/4.7.3/../../../../arm-none-eabi/lib/armv6-m\libc_s.a(lib_a-impure.o)
 .bss           0x00000000        0x0 c:/program files (x86)/cypress/psoc creator/3.0/psoc creator/import/gnu_cs/arm/4.7.3/bin/../lib/gcc/arm-none-eabi/4.7.3/../../../../arm-none-eabi/lib/armv6-m\libc_s.a(lib_a-impure.o)
 .data.impure_data
                0x00000000       0x64 c:/program files (x86)/cypress/psoc creator/3.0/psoc creator/import/gnu_cs/arm/4.7.3/bin/../lib/gcc/arm-none-eabi/4.7.3/../../../../arm-none-eabi/lib/armv6-m\libc_s.a(lib_a-impure.o)
 .data._impure_ptr
                0x00000000        0x4 c:/program files (x86)/cypress/psoc creator/3.0/psoc creator/import/gnu_cs/arm/4.7.3/bin/../lib/gcc/arm-none-eabi/4.7.3/../../../../arm-none-eabi/lib/armv6-m\libc_s.a(lib_a-impure.o)
 .rodata.str1.1
                0x00000000        0x2 c:/program files (x86)/cypress/psoc creator/3.0/psoc creator/import/gnu_cs/arm/4.7.3/bin/../lib/gcc/arm-none-eabi/4.7.3/../../../../arm-none-eabi/lib/armv6-m\libc_s.a(lib_a-impure.o)
 .rodata._global_impure_ptr
                0x00000000        0x4 c:/program files (x86)/cypress/psoc creator/3.0/psoc creator/import/gnu_cs/arm/4.7.3/bin/../lib/gcc/arm-none-eabi/4.7.3/../../../../arm-none-eabi/lib/armv6-m\libc_s.a(lib_a-impure.o)
 .text          0x00000000        0x0 c:/program files (x86)/cypress/psoc creator/3.0/psoc creator/import/gnu_cs/arm/4.7.3/bin/../lib/gcc/arm-none-eabi/4.7.3/../../../../arm-none-eabi/lib/armv6-m\libc_s.a(lib_a-init.o)
 .data          0x00000000        0x0 c:/program files (x86)/cypress/psoc creator/3.0/psoc creator/import/gnu_cs/arm/4.7.3/bin/../lib/gcc/arm-none-eabi/4.7.3/../../../../arm-none-eabi/lib/armv6-m\libc_s.a(lib_a-init.o)
 .bss           0x00000000        0x0 c:/program files (x86)/cypress/psoc creator/3.0/psoc creator/import/gnu_cs/arm/4.7.3/bin/../lib/gcc/arm-none-eabi/4.7.3/../../../../arm-none-eabi/lib/armv6-m\libc_s.a(lib_a-init.o)
 .text          0x00000000        0x0 c:/program files (x86)/cypress/psoc creator/3.0/psoc creator/import/gnu_cs/arm/4.7.3/bin/../lib/gcc/arm-none-eabi/4.7.3/../../../../arm-none-eabi/lib/armv6-m\libc_s.a(lib_a-memcpy.o)
 .data          0x00000000        0x0 c:/program files (x86)/cypress/psoc creator/3.0/psoc creator/import/gnu_cs/arm/4.7.3/bin/../lib/gcc/arm-none-eabi/4.7.3/../../../../arm-none-eabi/lib/armv6-m\libc_s.a(lib_a-memcpy.o)
 .bss           0x00000000        0x0 c:/program files (x86)/cypress/psoc creator/3.0/psoc creator/import/gnu_cs/arm/4.7.3/bin/../lib/gcc/arm-none-eabi/4.7.3/../../../../arm-none-eabi/lib/armv6-m\libc_s.a(lib_a-memcpy.o)
 .text.memcpy   0x00000000       0x12 c:/program files (x86)/cypress/psoc creator/3.0/psoc creator/import/gnu_cs/arm/4.7.3/bin/../lib/gcc/arm-none-eabi/4.7.3/../../../../arm-none-eabi/lib/armv6-m\libc_s.a(lib_a-memcpy.o)
 .text          0x00000000        0x0 c:/program files (x86)/cypress/psoc creator/3.0/psoc creator/import/gnu_cs/arm/4.7.3/bin/../lib/gcc/arm-none-eabi/4.7.3/../../../../arm-none-eabi/lib/armv6-m\libc_s.a(lib_a-memset.o)
 .data          0x00000000        0x0 c:/program files (x86)/cypress/psoc creator/3.0/psoc creator/import/gnu_cs/arm/4.7.3/bin/../lib/gcc/arm-none-eabi/4.7.3/../../../../arm-none-eabi/lib/armv6-m\libc_s.a(lib_a-memset.o)
 .bss           0x00000000        0x0 c:/program files (x86)/cypress/psoc creator/3.0/psoc creator/import/gnu_cs/arm/4.7.3/bin/../lib/gcc/arm-none-eabi/4.7.3/../../../../arm-none-eabi/lib/armv6-m\libc_s.a(lib_a-memset.o)
 .text          0x00000000        0x0 c:/program files (x86)/cypress/psoc creator/3.0/psoc creator/import/gnu_cs/arm/4.7.3/bin/../lib/gcc/arm-none-eabi/4.7.3/armv6-m/crtend.o
 .data          0x00000000        0x0 c:/program files (x86)/cypress/psoc creator/3.0/psoc creator/import/gnu_cs/arm/4.7.3/bin/../lib/gcc/arm-none-eabi/4.7.3/armv6-m/crtend.o
 .bss           0x00000000        0x0 c:/program files (x86)/cypress/psoc creator/3.0/psoc creator/import/gnu_cs/arm/4.7.3/bin/../lib/gcc/arm-none-eabi/4.7.3/armv6-m/crtend.o
 .text          0x00000000        0x0 c:/program files (x86)/cypress/psoc creator/3.0/psoc creator/import/gnu_cs/arm/4.7.3/bin/../lib/gcc/arm-none-eabi/4.7.3/armv6-m/crtn.o
 .data          0x00000000        0x0 c:/program files (x86)/cypress/psoc creator/3.0/psoc creator/import/gnu_cs/arm/4.7.3/bin/../lib/gcc/arm-none-eabi/4.7.3/armv6-m/crtn.o
 .bss           0x00000000        0x0 c:/program files (x86)/cypress/psoc creator/3.0/psoc creator/import/gnu_cs/arm/4.7.3/bin/../lib/gcc/arm-none-eabi/4.7.3/armv6-m/crtn.o

Memory Configuration

Name             Origin             Length             Attributes
rom              0x00000000         0x00008000         xr
ram              0x20000000         0x00001000         xrw
*default*        0x00000000         0xffffffff

Linker script and memory map

LOAD c:/program files (x86)/cypress/psoc creator/3.0/psoc creator/import/gnu_cs/arm/4.7.3/bin/../lib/gcc/arm-none-eabi/4.7.3/armv6-m/crti.o
LOAD c:/program files (x86)/cypress/psoc creator/3.0/psoc creator/import/gnu_cs/arm/4.7.3/bin/../lib/gcc/arm-none-eabi/4.7.3/armv6-m/crtbegin.o
LOAD c:/program files (x86)/cypress/psoc creator/3.0/psoc creator/import/gnu_cs/arm/4.7.3/bin/../lib/gcc/arm-none-eabi/4.7.3/../../../../arm-none-eabi/lib/armv6-m/crt0.o
START GROUP
LOAD .\CortexM0\ARM_GCC_473\Debug\main.o
LOAD .\CortexM0\ARM_GCC_473\Debug\cybootloader.o
LOAD .\CortexM0\ARM_GCC_473\Debug\cymetadata.o
LOAD .\CortexM0\ARM_GCC_473\Debug\Cm0Start.o
LOAD .\CortexM0\ARM_GCC_473\Debug\cadeau_marraine.a
LOAD C:\Program Files (x86)\Cypress\PSoC Creator\3.0\PSoC Creator\psoc\content\cycomponentlibrary\CyComponentLibrary.cylib\CortexM0\ARM_GCC_473\Debug\CyComponentLibrary.a
END GROUP
START GROUP
LOAD c:/program files (x86)/cypress/psoc creator/3.0/psoc creator/import/gnu_cs/arm/4.7.3/bin/../lib/gcc/arm-none-eabi/4.7.3/armv6-m\libgcc.a
LOAD c:/program files (x86)/cypress/psoc creator/3.0/psoc creator/import/gnu_cs/arm/4.7.3/bin/../lib/gcc/arm-none-eabi/4.7.3/../../../../arm-none-eabi/lib/armv6-m\libc_s.a
END GROUP
LOAD c:/program files (x86)/cypress/psoc creator/3.0/psoc creator/import/gnu_cs/arm/4.7.3/bin/../lib/gcc/arm-none-eabi/4.7.3/armv6-m/crtend.o
LOAD c:/program files (x86)/cypress/psoc creator/3.0/psoc creator/import/gnu_cs/arm/4.7.3/bin/../lib/gcc/arm-none-eabi/4.7.3/armv6-m/crtn.o
START GROUP
LOAD c:/program files (x86)/cypress/psoc creator/3.0/psoc creator/import/gnu_cs/arm/4.7.3/bin/../lib/gcc/arm-none-eabi/4.7.3/armv6-m\libgcc.a
LOAD c:/program files (x86)/cypress/psoc creator/3.0/psoc creator/import/gnu_cs/arm/4.7.3/bin/../lib/gcc/arm-none-eabi/4.7.3/../../../../arm-none-eabi/lib/armv6-m\libc.a
LOAD c:/program files (x86)/cypress/psoc creator/3.0/psoc creator/import/gnu_cs/arm/4.7.3/bin/../lib/gcc/arm-none-eabi/4.7.3/../../../../arm-none-eabi/lib/armv6-m\libnosys.a
END GROUP
                0x00000000                CY_APPL_ORIGIN = 0x0
                0x00000080                CY_FLASH_ROW_SIZE = 0x80
                0x00000001                CY_APPL_NUM = 0x1
                0x00000040                CY_METADATA_SIZE = 0x40
                0x20000290                PROVIDE (__cy_heap_start, _end)
                0x00000001                PROVIDE (__cy_region_num, ((__cy_regions_end - __cy_regions) / 0x10))
                0x20001000                PROVIDE (__cy_stack, (ORIGIN (ram) + 0x1000))
                0x20000c00                PROVIDE (__cy_heap_end, (__cy_stack - 0x400))

.cybootloader   0x00000000      0xf00
 *(.cybootloader)
 .cybootloader  0x00000000      0xf00 .\CortexM0\ARM_GCC_473\Debug\cybootloader.o
                0x00000000                cy_bootloader
                0x00000f00                appl1_start = CY_APPL_ORIGIN?CY_APPL_ORIGIN:ALIGN (CY_FLASH_ROW_SIZE)
                0x00004700                appl2_start = (appl1_start + ALIGN ((((0x8000 - appl1_start) - (0x2 * CY_FLASH_ROW_SIZE)) / 0x2), CY_FLASH_ROW_SIZE))
                0x00000f00                appl_start = (CY_APPL_NUM == 0x1)?appl1_start:appl2_start

.text           0x00000f00     0x150a
 CREATE_OBJECT_SYMBOLS
                0x00000f00                PROVIDE (__cy_interrupt_vector, RomVectors)
 *(.romvectors)
 .romvectors    0x00000f00       0x10 .\CortexM0\ARM_GCC_473\Debug\Cm0Start.o
                0x00000f00                RomVectors
                0x00000001                ASSERT ((. != __cy_interrupt_vector), No interrupt vector)
                0x00000001                ASSERT (CY_APPL_ORIGIN?(SIZEOF (.cybootloader) <= CY_APPL_ORIGIN):0x1, Wrong image location)
                0x00000f10                PROVIDE (__cy_reset, Reset)
 *(.text.Reset)
 .text.Reset    0x00000f10       0x14 .\CortexM0\ARM_GCC_473\Debug\Cm0Start.o
                0x00000f10                Reset
                0x00000001                ASSERT ((. != __cy_reset), No reset code)
 *(.psocinit)
 .psocinit      0x00000f24      0x29c .\CortexM0\ARM_GCC_473\Debug\cadeau_marraine.a(cyfitter_cfg.o)
                0x0000109c                cyfitter_cfg
                0x000011c0                . = MAX (., 0x100)
 *(.text .text.* .gnu.linkonce.t.*)
 .text          0x000011c0       0x60 c:/program files (x86)/cypress/psoc creator/3.0/psoc creator/import/gnu_cs/arm/4.7.3/bin/../lib/gcc/arm-none-eabi/4.7.3/armv6-m/crtbegin.o
 .text.InterruptHandler1
                0x00001220       0xb4 .\CortexM0\ARM_GCC_473\Debug\main.o
                0x00001220                InterruptHandler1
 .text.InterruptHandler2
                0x000012d4       0xac .\CortexM0\ARM_GCC_473\Debug\main.o
                0x000012d4                InterruptHandler2
 .text.InterruptHandler3
                0x00001380       0xac .\CortexM0\ARM_GCC_473\Debug\main.o
                0x00001380                InterruptHandler3
 .text.InterruptHandler4
                0x0000142c       0x68 .\CortexM0\ARM_GCC_473\Debug\main.o
                0x0000142c                InterruptHandler4
 .text.main     0x00001494       0x74 .\CortexM0\ARM_GCC_473\Debug\main.o
                0x00001494                main
 .text.IntDefaultHandler
                0x00001508        0x8 .\CortexM0\ARM_GCC_473\Debug\Cm0Start.o
                0x00001508                IntDefaultHandler
 .text.Start_c  0x00001510       0xa4 .\CortexM0\ARM_GCC_473\Debug\Cm0Start.o
                0x00001510                Start_c
 .text.initialize_psoc
                0x000015b4       0x74 .\CortexM0\ARM_GCC_473\Debug\Cm0Start.o
                0x000015b4                initialize_psoc
 .text.CYMEMZERO
                0x00001628       0x20 .\CortexM0\ARM_GCC_473\Debug\cadeau_marraine.a(cyfitter_cfg.o)
 .text.cfg_write_bytes32
                0x00001648       0x80 .\CortexM0\ARM_GCC_473\Debug\cadeau_marraine.a(cyfitter_cfg.o)
 .text.AnalogSetDefault
                0x000016c8        0x8 .\CortexM0\ARM_GCC_473\Debug\cadeau_marraine.a(cyfitter_cfg.o)
 .text.LCD_Char_1_Init
                0x000016d0       0x70 .\CortexM0\ARM_GCC_473\Debug\cadeau_marraine.a(LCD_Char_1.o)
                0x000016d0                LCD_Char_1_Init
 .text.LCD_Char_1_Enable
                0x00001740       0x18 .\CortexM0\ARM_GCC_473\Debug\cadeau_marraine.a(LCD_Char_1.o)
                0x00001740                LCD_Char_1_Enable
 .text.LCD_Char_1_Start
                0x00001758       0x24 .\CortexM0\ARM_GCC_473\Debug\cadeau_marraine.a(LCD_Char_1.o)
                0x00001758                LCD_Char_1_Start
 .text.LCD_Char_1_Position
                0x0000177c       0x74 .\CortexM0\ARM_GCC_473\Debug\cadeau_marraine.a(LCD_Char_1.o)
                0x0000177c                LCD_Char_1_Position
 .text.LCD_Char_1_PrintString
                0x000017f0       0x58 .\CortexM0\ARM_GCC_473\Debug\cadeau_marraine.a(LCD_Char_1.o)
                0x000017f0                LCD_Char_1_PrintString
 .text.LCD_Char_1_WriteData
                0x00001848       0x48 .\CortexM0\ARM_GCC_473\Debug\cadeau_marraine.a(LCD_Char_1.o)
                0x00001848                LCD_Char_1_WriteData
 .text.LCD_Char_1_WriteControl
                0x00001890       0x48 .\CortexM0\ARM_GCC_473\Debug\cadeau_marraine.a(LCD_Char_1.o)
                0x00001890                LCD_Char_1_WriteControl
 .text.LCD_Char_1_IsReady
                0x000018d8       0xe0 .\CortexM0\ARM_GCC_473\Debug\cadeau_marraine.a(LCD_Char_1.o)
                0x000018d8                LCD_Char_1_IsReady
 .text.LCD_Char_1_WrDatNib
                0x000019b8       0x68 .\CortexM0\ARM_GCC_473\Debug\cadeau_marraine.a(LCD_Char_1.o)
 .text.LCD_Char_1_WrCntrlNib
                0x00001a20       0x54 .\CortexM0\ARM_GCC_473\Debug\cadeau_marraine.a(LCD_Char_1.o)
 .text.PWM_1_Init
                0x00001a74       0x50 .\CortexM0\ARM_GCC_473\Debug\cadeau_marraine.a(PWM_1.o)
                0x00001a74                PWM_1_Init
 .text.PWM_1_Enable
                0x00001ac4       0x38 .\CortexM0\ARM_GCC_473\Debug\cadeau_marraine.a(PWM_1.o)
                0x00001ac4                PWM_1_Enable
 .text.PWM_1_Start
                0x00001afc       0x24 .\CortexM0\ARM_GCC_473\Debug\cadeau_marraine.a(PWM_1.o)
                0x00001afc                PWM_1_Start
 .text.PWM_1_WritePeriod
                0x00001b20       0x1c .\CortexM0\ARM_GCC_473\Debug\cadeau_marraine.a(PWM_1.o)
                0x00001b20                PWM_1_WritePeriod
 .text.PWM_1_WriteCompare
                0x00001b3c       0x1c .\CortexM0\ARM_GCC_473\Debug\cadeau_marraine.a(PWM_1.o)
                0x00001b3c                PWM_1_WriteCompare
 .text.PWM_1_TriggerCommand
                0x00001b58       0x3c .\CortexM0\ARM_GCC_473\Debug\cadeau_marraine.a(PWM_1.o)
                0x00001b58                PWM_1_TriggerCommand
 .text.PWM_1_SetInterruptMode
                0x00001b94       0x18 .\CortexM0\ARM_GCC_473\Debug\cadeau_marraine.a(PWM_1.o)
                0x00001b94                PWM_1_SetInterruptMode
 .text.PWM_1_ClearInterrupt
                0x00001bac       0x18 .\CortexM0\ARM_GCC_473\Debug\cadeau_marraine.a(PWM_1.o)
                0x00001bac                PWM_1_ClearInterrupt
 .text.PWM_2_Init
                0x00001bc4       0x50 .\CortexM0\ARM_GCC_473\Debug\cadeau_marraine.a(PWM_2.o)
                0x00001bc4                PWM_2_Init
 .text.PWM_2_Enable
                0x00001c14       0x38 .\CortexM0\ARM_GCC_473\Debug\cadeau_marraine.a(PWM_2.o)
                0x00001c14                PWM_2_Enable
 .text.PWM_2_Start
                0x00001c4c       0x24 .\CortexM0\ARM_GCC_473\Debug\cadeau_marraine.a(PWM_2.o)
                0x00001c4c                PWM_2_Start
 .text.PWM_2_WritePeriod
                0x00001c70       0x1c .\CortexM0\ARM_GCC_473\Debug\cadeau_marraine.a(PWM_2.o)
                0x00001c70                PWM_2_WritePeriod
 .text.PWM_2_WriteCompare
                0x00001c8c       0x1c .\CortexM0\ARM_GCC_473\Debug\cadeau_marraine.a(PWM_2.o)
                0x00001c8c                PWM_2_WriteCompare
 .text.PWM_2_TriggerCommand
                0x00001ca8       0x3c .\CortexM0\ARM_GCC_473\Debug\cadeau_marraine.a(PWM_2.o)
                0x00001ca8                PWM_2_TriggerCommand
 .text.PWM_2_SetInterruptMode
                0x00001ce4       0x18 .\CortexM0\ARM_GCC_473\Debug\cadeau_marraine.a(PWM_2.o)
                0x00001ce4                PWM_2_SetInterruptMode
 .text.PWM_2_ClearInterrupt
                0x00001cfc       0x18 .\CortexM0\ARM_GCC_473\Debug\cadeau_marraine.a(PWM_2.o)
                0x00001cfc                PWM_2_ClearInterrupt
 .text.PWM_3_Init
                0x00001d14       0x50 .\CortexM0\ARM_GCC_473\Debug\cadeau_marraine.a(PWM_3.o)
                0x00001d14                PWM_3_Init
 .text.PWM_3_Enable
                0x00001d64       0x38 .\CortexM0\ARM_GCC_473\Debug\cadeau_marraine.a(PWM_3.o)
                0x00001d64                PWM_3_Enable
 .text.PWM_3_Start
                0x00001d9c       0x24 .\CortexM0\ARM_GCC_473\Debug\cadeau_marraine.a(PWM_3.o)
                0x00001d9c                PWM_3_Start
 .text.PWM_3_WritePeriod
                0x00001dc0       0x1c .\CortexM0\ARM_GCC_473\Debug\cadeau_marraine.a(PWM_3.o)
                0x00001dc0                PWM_3_WritePeriod
 .text.PWM_3_WriteCompare
                0x00001ddc       0x1c .\CortexM0\ARM_GCC_473\Debug\cadeau_marraine.a(PWM_3.o)
                0x00001ddc                PWM_3_WriteCompare
 .text.PWM_3_TriggerCommand
                0x00001df8       0x3c .\CortexM0\ARM_GCC_473\Debug\cadeau_marraine.a(PWM_3.o)
                0x00001df8                PWM_3_TriggerCommand
 .text.PWM_3_SetInterruptMode
                0x00001e34       0x18 .\CortexM0\ARM_GCC_473\Debug\cadeau_marraine.a(PWM_3.o)
                0x00001e34                PWM_3_SetInterruptMode
 .text.PWM_3_ClearInterrupt
                0x00001e4c       0x18 .\CortexM0\ARM_GCC_473\Debug\cadeau_marraine.a(PWM_3.o)
                0x00001e4c                PWM_3_ClearInterrupt
 .text.TC1_ISR_StartEx
                0x00001e64       0x24 .\CortexM0\ARM_GCC_473\Debug\cadeau_marraine.a(TC1_ISR.o)
                0x00001e64                TC1_ISR_StartEx
 .text.TC1_ISR_SetVector
                0x00001e88       0x1c .\CortexM0\ARM_GCC_473\Debug\cadeau_marraine.a(TC1_ISR.o)
                0x00001e88                TC1_ISR_SetVector
 .text.TC1_ISR_SetPriority
                0x00001ea4       0x50 .\CortexM0\ARM_GCC_473\Debug\cadeau_marraine.a(TC1_ISR.o)
                0x00001ea4                TC1_ISR_SetPriority
 .text.TC1_ISR_Enable
                0x00001ef4       0x14 .\CortexM0\ARM_GCC_473\Debug\cadeau_marraine.a(TC1_ISR.o)
                0x00001ef4                TC1_ISR_Enable
 .text.TC1_ISR_Disable
                0x00001f08       0x14 .\CortexM0\ARM_GCC_473\Debug\cadeau_marraine.a(TC1_ISR.o)
                0x00001f08                TC1_ISR_Disable
 .text.TC2_ISR_StartEx
                0x00001f1c       0x24 .\CortexM0\ARM_GCC_473\Debug\cadeau_marraine.a(TC2_ISR.o)
                0x00001f1c                TC2_ISR_StartEx
 .text.TC2_ISR_SetVector
                0x00001f40       0x1c .\CortexM0\ARM_GCC_473\Debug\cadeau_marraine.a(TC2_ISR.o)
                0x00001f40                TC2_ISR_SetVector
 .text.TC2_ISR_SetPriority
                0x00001f5c       0x4c .\CortexM0\ARM_GCC_473\Debug\cadeau_marraine.a(TC2_ISR.o)
                0x00001f5c                TC2_ISR_SetPriority
 .text.TC2_ISR_Enable
                0x00001fa8       0x14 .\CortexM0\ARM_GCC_473\Debug\cadeau_marraine.a(TC2_ISR.o)
                0x00001fa8                TC2_ISR_Enable
 .text.TC2_ISR_Disable
                0x00001fbc       0x14 .\CortexM0\ARM_GCC_473\Debug\cadeau_marraine.a(TC2_ISR.o)
                0x00001fbc                TC2_ISR_Disable
 .text.TC3_ISR_StartEx
                0x00001fd0       0x24 .\CortexM0\ARM_GCC_473\Debug\cadeau_marraine.a(TC3_ISR.o)
                0x00001fd0                TC3_ISR_StartEx
 .text.TC3_ISR_SetVector
                0x00001ff4       0x1c .\CortexM0\ARM_GCC_473\Debug\cadeau_marraine.a(TC3_ISR.o)
                0x00001ff4                TC3_ISR_SetVector
 .text.TC3_ISR_SetPriority
                0x00002010       0x50 .\CortexM0\ARM_GCC_473\Debug\cadeau_marraine.a(TC3_ISR.o)
                0x00002010                TC3_ISR_SetPriority
 .text.TC3_ISR_Enable
                0x00002060       0x14 .\CortexM0\ARM_GCC_473\Debug\cadeau_marraine.a(TC3_ISR.o)
                0x00002060                TC3_ISR_Enable
 .text.TC3_ISR_Disable
                0x00002074       0x14 .\CortexM0\ARM_GCC_473\Debug\cadeau_marraine.a(TC3_ISR.o)
                0x00002074                TC3_ISR_Disable
 .text.TIM_4_Init
                0x00002088       0x30 .\CortexM0\ARM_GCC_473\Debug\cadeau_marraine.a(TIM_4.o)
                0x00002088                TIM_4_Init
 .text.TIM_4_Enable
                0x000020b8       0x38 .\CortexM0\ARM_GCC_473\Debug\cadeau_marraine.a(TIM_4.o)
                0x000020b8                TIM_4_Enable
 .text.TIM_4_Start
                0x000020f0       0x24 .\CortexM0\ARM_GCC_473\Debug\cadeau_marraine.a(TIM_4.o)
                0x000020f0                TIM_4_Start
 .text.TIM_4_WritePeriod
                0x00002114       0x1c .\CortexM0\ARM_GCC_473\Debug\cadeau_marraine.a(TIM_4.o)
                0x00002114                TIM_4_WritePeriod
 .text.TIM_4_TriggerCommand
                0x00002130       0x3c .\CortexM0\ARM_GCC_473\Debug\cadeau_marraine.a(TIM_4.o)
                0x00002130                TIM_4_TriggerCommand
 .text.TIM_4_SetInterruptMode
                0x0000216c       0x18 .\CortexM0\ARM_GCC_473\Debug\cadeau_marraine.a(TIM_4.o)
                0x0000216c                TIM_4_SetInterruptMode
 .text.TIM_4_ClearInterrupt
                0x00002184       0x18 .\CortexM0\ARM_GCC_473\Debug\cadeau_marraine.a(TIM_4.o)
                0x00002184                TIM_4_ClearInterrupt
 .text.TC4_ISR_StartEx
                0x0000219c       0x24 .\CortexM0\ARM_GCC_473\Debug\cadeau_marraine.a(TC4_ISR.o)
                0x0000219c                TC4_ISR_StartEx
 .text.TC4_ISR_SetVector
                0x000021c0       0x1c .\CortexM0\ARM_GCC_473\Debug\cadeau_marraine.a(TC4_ISR.o)
                0x000021c0                TC4_ISR_SetVector
 .text.TC4_ISR_SetPriority
                0x000021dc       0x50 .\CortexM0\ARM_GCC_473\Debug\cadeau_marraine.a(TC4_ISR.o)
                0x000021dc                TC4_ISR_SetPriority
 .text.TC4_ISR_Enable
                0x0000222c       0x14 .\CortexM0\ARM_GCC_473\Debug\cadeau_marraine.a(TC4_ISR.o)
                0x0000222c                TC4_ISR_Enable
 .text.TC4_ISR_Disable
                0x00002240       0x14 .\CortexM0\ARM_GCC_473\Debug\cadeau_marraine.a(TC4_ISR.o)
                0x00002240                TC4_ISR_Disable
 *fill*         0x00002254        0x4 00
 .text          0x00002258       0x20 .\CortexM0\ARM_GCC_473\Debug\cadeau_marraine.a(CyBootAsmGnu.o)
                0x00002258                CyDelayCycles
                0x0000226a                CyEnterCriticalSection
                0x00002272                CyExitCriticalSection
 .text.CyDelay  0x00002278       0x48 .\CortexM0\ARM_GCC_473\Debug\cadeau_marraine.a(CyLib.o)
                0x00002278                CyDelay
 .text.CyDelayUs
                0x000022c0       0x28 .\CortexM0\ARM_GCC_473\Debug\cadeau_marraine.a(CyLib.o)
                0x000022c0                CyDelayUs
 .text          0x000022e8       0xc0 c:/program files (x86)/cypress/psoc creator/3.0/psoc creator/import/gnu_cs/arm/4.7.3/bin/../lib/gcc/arm-none-eabi/4.7.3/armv6-m\libgcc.a(_divsi3.o)
                0x000022e8                __divsi3
                0x000022e8                __aeabi_idiv
                0x00002394                __aeabi_idivmod
 .text          0x000023a8        0x4 c:/program files (x86)/cypress/psoc creator/3.0/psoc creator/import/gnu_cs/arm/4.7.3/bin/../lib/gcc/arm-none-eabi/4.7.3/armv6-m\libgcc.a(_dvmd_tls.o)
                0x000023a8                __aeabi_idiv0
                0x000023a8                __aeabi_ldiv0
 .text.__libc_init_array
                0x000023ac       0x4c c:/program files (x86)/cypress/psoc creator/3.0/psoc creator/import/gnu_cs/arm/4.7.3/bin/../lib/gcc/arm-none-eabi/4.7.3/../../../../arm-none-eabi/lib/armv6-m\libc_s.a(lib_a-init.o)
                0x000023ac                __libc_init_array
 .text.memset   0x000023f8       0x12 c:/program files (x86)/cypress/psoc creator/3.0/psoc creator/import/gnu_cs/arm/4.7.3/bin/../lib/gcc/arm-none-eabi/4.7.3/../../../../arm-none-eabi/lib/armv6-m\libc_s.a(lib_a-memset.o)
                0x000023f8                memset
 *(.plt)
 *(.gnu.warning)
 *(.glue_7t)
 .glue_7t       0x00000000        0x0 linker stubs
 *(.glue_7)
 .glue_7        0x00000000        0x0 linker stubs
 *(.vfp11_veneer)
 .vfp11_veneer  0x00000000        0x0 linker stubs
 *(.bootloader)
 *(.ARM.extab* .gnu.linkonce.armextab.*)
 *(.gcc_except_table)

.v4_bx          0x0000240c        0x0
 .v4_bx         0x00000000        0x0 linker stubs

.iplt           0x0000240c        0x0
 .iplt          0x00000000        0x0 c:/program files (x86)/cypress/psoc creator/3.0/psoc creator/import/gnu_cs/arm/4.7.3/bin/../lib/gcc/arm-none-eabi/4.7.3/armv6-m/crtbegin.o

.eh_frame_hdr
 *(.eh_frame_hdr)

.eh_frame       0x0000240c        0x4
 *(.eh_frame)
 .eh_frame      0x0000240c        0x0 c:/program files (x86)/cypress/psoc creator/3.0/psoc creator/import/gnu_cs/arm/4.7.3/bin/../lib/gcc/arm-none-eabi/4.7.3/armv6-m/crtbegin.o
 .eh_frame      0x0000240c        0x4 c:/program files (x86)/cypress/psoc creator/3.0/psoc creator/import/gnu_cs/arm/4.7.3/bin/../lib/gcc/arm-none-eabi/4.7.3/armv6-m/crtend.o
                0x00002410                PROVIDE (__exidx_start, .)

.ARM.exidx
 *(.ARM.exidx* .gnu.linkonce.armexidx.*)
                0x00002410                __exidx_end = .

.rodata         0x00002410       0x98
 *(.rodata .rodata.* .gnu.linkonce.r.*)
 .rodata        0x00002410       0x28 .\CortexM0\ARM_GCC_473\Debug\main.o
 .rodata        0x00002438       0x38 .\CortexM0\ARM_GCC_473\Debug\cadeau_marraine.a(cyfitter_cfg.o)
                0x00002470                . = ALIGN (0x4)
 *(.init)
 .init          0x00002470        0x4 c:/program files (x86)/cypress/psoc creator/3.0/psoc creator/import/gnu_cs/arm/4.7.3/bin/../lib/gcc/arm-none-eabi/4.7.3/armv6-m/crti.o
                0x00002470                _init
 .init          0x00002474        0x8 c:/program files (x86)/cypress/psoc creator/3.0/psoc creator/import/gnu_cs/arm/4.7.3/bin/../lib/gcc/arm-none-eabi/4.7.3/armv6-m/crtn.o
                0x0000247c                . = ALIGN (0x4)
                0x0000247c                __preinit_array_start = .
 *(.preinit_array)
                0x0000247c                __preinit_array_end = .
                0x0000247c                . = ALIGN (0x4)
                0x0000247c                __init_array_start = .
 *(SORT(.init_array.*))
 *(.init_array)
 .init_array    0x0000247c        0x4 c:/program files (x86)/cypress/psoc creator/3.0/psoc creator/import/gnu_cs/arm/4.7.3/bin/../lib/gcc/arm-none-eabi/4.7.3/armv6-m/crtbegin.o
 .init_array    0x00002480        0x4 .\CortexM0\ARM_GCC_473\Debug\Cm0Start.o
                0x00002484                __init_array_end = .
                0x00002484                . = ALIGN (0x4)
 *(.fini)
 .fini          0x00002484        0x4 c:/program files (x86)/cypress/psoc creator/3.0/psoc creator/import/gnu_cs/arm/4.7.3/bin/../lib/gcc/arm-none-eabi/4.7.3/armv6-m/crti.o
                0x00002484                _fini
 .fini          0x00002488        0x8 c:/program files (x86)/cypress/psoc creator/3.0/psoc creator/import/gnu_cs/arm/4.7.3/bin/../lib/gcc/arm-none-eabi/4.7.3/armv6-m/crtn.o
                0x00002490                . = ALIGN (0x4)
                0x00002490                __fini_array_start = .
 *(.fini_array)
 .fini_array    0x00002490        0x4 c:/program files (x86)/cypress/psoc creator/3.0/psoc creator/import/gnu_cs/arm/4.7.3/bin/../lib/gcc/arm-none-eabi/4.7.3/armv6-m/crtbegin.o
 *(SORT(.fini_array.*))
                0x00002494                __fini_array_end = .
                0x00002494                . = ALIGN (0x4)
 *crtbegin.o(.ctors)
 *(EXCLUDE_FILE(*crtend.o) .ctors)
 *(SORT(.ctors.*))
 *crtend.o(.ctors)
                0x00002494                . = ALIGN (0x4)
 *crtbegin.o(.dtors)
 *(EXCLUDE_FILE(*crtend.o) .dtors)
 *(SORT(.dtors.*))
 *crtend.o(.dtors)
                0x00002494                . = ALIGN (0x4)
                0x00002494                __cy_regions = .
                0x00002494        0x4 LONG 0x24a8 __cy_region_init_ram
                0x00002498        0x4 LONG 0x200000d0 __cy_region_start_data
                0x0000249c        0x4 LONG 0x180 __cy_region_init_size_ram
                0x000024a0        0x4 LONG 0x40 __cy_region_zero_size_ram
                0x000024a4                __cy_regions_end = .
                0x000024a8                . = ALIGN (0x8)
 *fill*         0x000024a4        0x4 00
                0x000024a8                _etext = .

.ramvectors     0x20000000       0xc0
                0x20000000                __cy_region_start_ram = .
 *(.ramvectors)
 .ramvectors    0x20000000       0xc0 .\CortexM0\ARM_GCC_473\Debug\Cm0Start.o
                0x20000000                CyRamVectors

.btldr_run      0x200000c0        0x4
 *(.bootloaderruntype)
 .bootloaderruntype
                0x200000c0        0x4 .\CortexM0\ARM_GCC_473\Debug\Cm0Start.o
                0x200000c0                cyBtldrRunType

.noinit         0x200000c8        0x4
 *(.noinit)
 .noinit        0x200000c8        0x4 .\CortexM0\ARM_GCC_473\Debug\Cm0Start.o

.data           0x200000d0      0x180 load address 0x000024a8
                0x200000d0                __cy_region_start_data = .
 *(.jcr)
 .jcr           0x200000d0        0x0 c:/program files (x86)/cypress/psoc creator/3.0/psoc creator/import/gnu_cs/arm/4.7.3/bin/../lib/gcc/arm-none-eabi/4.7.3/armv6-m/crtbegin.o
 .jcr           0x200000d0        0x4 c:/program files (x86)/cypress/psoc creator/3.0/psoc creator/import/gnu_cs/arm/4.7.3/bin/../lib/gcc/arm-none-eabi/4.7.3/armv6-m/crtend.o
 *(.got.plt)
 *(.got)
 *(.shdata)
 *(.data .data.* .gnu.linkonce.d.*)
 .data          0x200000d4      0x164 .\CortexM0\ARM_GCC_473\Debug\main.o
                0x200000d4                messagesl1
                0x20000180                messagesl2
 .data          0x20000238        0x4 .\CortexM0\ARM_GCC_473\Debug\cadeau_marraine.a(cyfitter_cfg.o)
 .data          0x2000023c       0x10 .\CortexM0\ARM_GCC_473\Debug\cadeau_marraine.a(CyLib.o)
                0x2000023c                cydelayFreqHz
                0x20000240                cydelayFreqKhz
                0x20000244                cydelayFreqMhz
                0x20000248                cydelay32kMs
                0x20000250                . = ALIGN (0x8)
 *fill*         0x2000024c        0x4 00
 *(.ram)
                0x20000250                _edata = .

.igot.plt       0x20000250        0x0 load address 0x00002628
 .igot.plt      0x00000000        0x0 c:/program files (x86)/cypress/psoc creator/3.0/psoc creator/import/gnu_cs/arm/4.7.3/bin/../lib/gcc/arm-none-eabi/4.7.3/armv6-m/crtbegin.o

.bss            0x20000250       0x40 load address 0x00002628
                0x20000250                PROVIDE (__bss_start__, .)
 *(.shbss)
 *(.bss .bss.* .gnu.linkonce.b.*)
 .bss           0x20000250       0x1c c:/program files (x86)/cypress/psoc creator/3.0/psoc creator/import/gnu_cs/arm/4.7.3/bin/../lib/gcc/arm-none-eabi/4.7.3/armv6-m/crtbegin.o
 .bss           0x2000026c       0x1c .\CortexM0\ARM_GCC_473\Debug\main.o
 .bss           0x20000288        0x2 .\CortexM0\ARM_GCC_473\Debug\cadeau_marraine.a(LCD_Char_1.o)
                0x20000288                LCD_Char_1_enableState
                0x20000289                LCD_Char_1_initVar
 .bss           0x2000028a        0x1 .\CortexM0\ARM_GCC_473\Debug\cadeau_marraine.a(PWM_1.o)
                0x2000028a                PWM_1_initVar
 .bss           0x2000028b        0x1 .\CortexM0\ARM_GCC_473\Debug\cadeau_marraine.a(PWM_2.o)
                0x2000028b                PWM_2_initVar
 .bss           0x2000028c        0x1 .\CortexM0\ARM_GCC_473\Debug\cadeau_marraine.a(PWM_3.o)
                0x2000028c                PWM_3_initVar
 .bss           0x2000028d        0x1 .\CortexM0\ARM_GCC_473\Debug\cadeau_marraine.a(TIM_4.o)
                0x2000028d                TIM_4_initVar
 *(COMMON)
                0x20000290                . = ALIGN (0x8)
 *fill*         0x2000028e        0x2 00
 *(.ram.b)
                0x20000290                _end = .
                0x20000290                __end = .
                0x20000290                PROVIDE (end, .)
                0x20000290                PROVIDE (__bss_end__, .)
                0x000024a8                __cy_region_init_ram = LOADADDR (.data)
                0x00000180                __cy_region_init_size_ram = (_edata - ADDR (.data))
                0x00000040                __cy_region_zero_size_ram = (_end - _edata)

.heap           0x20000290      0x100 load address 0x00002628
                0x20000290                . = _end
                0x20000390                . = (. + 0x100)
 *fill*         0x20000290      0x100 00
                0x20000390                __cy_heap_limit = .

.stack          0x20000c00      0x400
                0x20000c00                __cy_stack_limit = .
                0x20001000                . = (. + 0x400)
 *fill*         0x20000c00      0x400 00
                0x00000001                ASSERT ((__cy_stack_limit >= __cy_heap_limit), region RAM overflowed with stack)

.cyloadermeta   0xf0000000       0x40
 *(.cyloadermeta)
 .cyloadermeta  0xf0000000       0x40 .\CortexM0\ARM_GCC_473\Debug\cybootloader.o
                0xf0000000                cy_meta_loader

.cyloadablemeta
                0x00007fc0       0x40
 *(.cyloadablemeta)
 .cyloadablemeta
                0x00007fc0       0x40 .\CortexM0\ARM_GCC_473\Debug\cymetadata.o
                0x00007fc0                cy_meta_loadable

.cyflashprotect
                0x90400000       0x20
 *(.cyflashprotect)
 .cyflashprotect
                0x90400000       0x20 .\CortexM0\ARM_GCC_473\Debug\cybootloader.o
                0x90400000                cy_meta_flashprotect

.cymeta         0x90500000        0xc
 *(.cymeta)
 .cymeta        0x90500000        0xc .\CortexM0\ARM_GCC_473\Debug\cybootloader.o
                0x90500000                cy_metadata

.cychipprotect  0x90600000        0x4
 *(.cychipprotect)
 .cychipprotect
                0x90600000        0x4 .\CortexM0\ARM_GCC_473\Debug\cybootloader.o
                0x90600000                cy_meta_chipprotect

.rel.dyn        0x00008000        0x0 load address 0x90600004
 .rel.iplt      0x00000000        0x0 c:/program files (x86)/cypress/psoc creator/3.0/psoc creator/import/gnu_cs/arm/4.7.3/bin/../lib/gcc/arm-none-eabi/4.7.3/armv6-m/crtbegin.o

.stab
 *(.stab)

.stabstr
 *(.stabstr)

.debug
 *(.debug)

.line
 *(.line)

.debug_srcinfo
 *(.debug_srcinfo)

.debug_sfnames
 *(.debug_sfnames)

.debug_aranges  0x00000000      0xac0
 *(.debug_aranges)
 .debug_aranges
                0x00000000       0x40 .\CortexM0\ARM_GCC_473\Debug\main.o
 .debug_aranges
                0x00000040       0x18 .\CortexM0\ARM_GCC_473\Debug\cybootloader.o
 .debug_aranges
                0x00000058       0x18 .\CortexM0\ARM_GCC_473\Debug\cymetadata.o
 .debug_aranges
                0x00000070       0x40 .\CortexM0\ARM_GCC_473\Debug\Cm0Start.o
 .debug_aranges
                0x000000b0       0x58 .\CortexM0\ARM_GCC_473\Debug\cadeau_marraine.a(cyfitter_cfg.o)
 .debug_aranges
                0x00000108       0x98 .\CortexM0\ARM_GCC_473\Debug\cadeau_marraine.a(LCD_Char_1.o)
 .debug_aranges
                0x000001a0      0x158 .\CortexM0\ARM_GCC_473\Debug\cadeau_marraine.a(PWM_1.o)
 .debug_aranges
                0x000002f8      0x158 .\CortexM0\ARM_GCC_473\Debug\cadeau_marraine.a(PWM_2.o)
 .debug_aranges
                0x00000450      0x158 .\CortexM0\ARM_GCC_473\Debug\cadeau_marraine.a(PWM_3.o)
 .debug_aranges
                0x000005a8       0x80 .\CortexM0\ARM_GCC_473\Debug\cadeau_marraine.a(TC1_ISR.o)
 .debug_aranges
                0x00000628       0x80 .\CortexM0\ARM_GCC_473\Debug\cadeau_marraine.a(TC2_ISR.o)
 .debug_aranges
                0x000006a8       0x80 .\CortexM0\ARM_GCC_473\Debug\cadeau_marraine.a(TC3_ISR.o)
 .debug_aranges
                0x00000728      0x158 .\CortexM0\ARM_GCC_473\Debug\cadeau_marraine.a(TIM_4.o)
 .debug_aranges
                0x00000880       0x80 .\CortexM0\ARM_GCC_473\Debug\cadeau_marraine.a(TC4_ISR.o)
 .debug_aranges
                0x00000900       0x20 .\CortexM0\ARM_GCC_473\Debug\cadeau_marraine.a(CyBootAsmGnu.o)
 .debug_aranges
                0x00000920      0x1a0 .\CortexM0\ARM_GCC_473\Debug\cadeau_marraine.a(CyLib.o)

.debug_pubnames
 *(.debug_pubnames)

.debug_info     0x00000000     0x43dc
 *(.debug_info .gnu.linkonce.wi.*)
 .debug_info    0x00000000      0x1fe .\CortexM0\ARM_GCC_473\Debug\main.o
 .debug_info    0x000001fe      0x152 .\CortexM0\ARM_GCC_473\Debug\cybootloader.o
 .debug_info    0x00000350       0xb2 .\CortexM0\ARM_GCC_473\Debug\cymetadata.o
 .debug_info    0x00000402      0x2d2 .\CortexM0\ARM_GCC_473\Debug\Cm0Start.o
 .debug_info    0x000006d4      0x475 .\CortexM0\ARM_GCC_473\Debug\cadeau_marraine.a(cyfitter_cfg.o)
 .debug_info    0x00000b49      0x408 .\CortexM0\ARM_GCC_473\Debug\cadeau_marraine.a(LCD_Char_1.o)
 .debug_info    0x00000f51      0x7be .\CortexM0\ARM_GCC_473\Debug\cadeau_marraine.a(PWM_1.o)
 .debug_info    0x0000170f      0x7be .\CortexM0\ARM_GCC_473\Debug\cadeau_marraine.a(PWM_2.o)
 .debug_info    0x00001ecd      0x7be .\CortexM0\ARM_GCC_473\Debug\cadeau_marraine.a(PWM_3.o)
 .debug_info    0x0000268b      0x288 .\CortexM0\ARM_GCC_473\Debug\cadeau_marraine.a(TC1_ISR.o)
 .debug_info    0x00002913      0x288 .\CortexM0\ARM_GCC_473\Debug\cadeau_marraine.a(TC2_ISR.o)
 .debug_info    0x00002b9b      0x288 .\CortexM0\ARM_GCC_473\Debug\cadeau_marraine.a(TC3_ISR.o)
 .debug_info    0x00002e23      0x7be .\CortexM0\ARM_GCC_473\Debug\cadeau_marraine.a(TIM_4.o)
 .debug_info    0x000035e1      0x288 .\CortexM0\ARM_GCC_473\Debug\cadeau_marraine.a(TC4_ISR.o)
 .debug_info    0x00003869       0xae .\CortexM0\ARM_GCC_473\Debug\cadeau_marraine.a(CyBootAsmGnu.o)
 .debug_info    0x00003917      0xac5 .\CortexM0\ARM_GCC_473\Debug\cadeau_marraine.a(CyLib.o)

.debug_abbrev   0x00000000     0x10f9
 *(.debug_abbrev)
 .debug_abbrev  0x00000000       0xac .\CortexM0\ARM_GCC_473\Debug\main.o
 .debug_abbrev  0x000000ac       0x77 .\CortexM0\ARM_GCC_473\Debug\cybootloader.o
 .debug_abbrev  0x00000123       0x5d .\CortexM0\ARM_GCC_473\Debug\cymetadata.o
 .debug_abbrev  0x00000180      0x175 .\CortexM0\ARM_GCC_473\Debug\Cm0Start.o
 .debug_abbrev  0x000002f5      0x18c .\CortexM0\ARM_GCC_473\Debug\cadeau_marraine.a(cyfitter_cfg.o)
 .debug_abbrev  0x00000481      0x122 .\CortexM0\ARM_GCC_473\Debug\cadeau_marraine.a(LCD_Char_1.o)
 .debug_abbrev  0x000005a3       0xfe .\CortexM0\ARM_GCC_473\Debug\cadeau_marraine.a(PWM_1.o)
 .debug_abbrev  0x000006a1       0xfe .\CortexM0\ARM_GCC_473\Debug\cadeau_marraine.a(PWM_2.o)
 .debug_abbrev  0x0000079f       0xfe .\CortexM0\ARM_GCC_473\Debug\cadeau_marraine.a(PWM_3.o)
 .debug_abbrev  0x0000089d      0x16a .\CortexM0\ARM_GCC_473\Debug\cadeau_marraine.a(TC1_ISR.o)
 .debug_abbrev  0x00000a07      0x16a .\CortexM0\ARM_GCC_473\Debug\cadeau_marraine.a(TC2_ISR.o)
 .debug_abbrev  0x00000b71      0x16a .\CortexM0\ARM_GCC_473\Debug\cadeau_marraine.a(TC3_ISR.o)
 .debug_abbrev  0x00000cdb       0xfe .\CortexM0\ARM_GCC_473\Debug\cadeau_marraine.a(TIM_4.o)
 .debug_abbrev  0x00000dd9      0x16a .\CortexM0\ARM_GCC_473\Debug\cadeau_marraine.a(TC4_ISR.o)
 .debug_abbrev  0x00000f43       0x14 .\CortexM0\ARM_GCC_473\Debug\cadeau_marraine.a(CyBootAsmGnu.o)
 .debug_abbrev  0x00000f57      0x1a2 .\CortexM0\ARM_GCC_473\Debug\cadeau_marraine.a(CyLib.o)

.debug_line     0x00000000     0x1fc0
 *(.debug_line)
 .debug_line    0x00000000       0xd9 .\CortexM0\ARM_GCC_473\Debug\main.o
 .debug_line    0x000000d9       0x55 .\CortexM0\ARM_GCC_473\Debug\cybootloader.o
 .debug_line    0x0000012e       0x53 .\CortexM0\ARM_GCC_473\Debug\cymetadata.o
 .debug_line    0x00000181      0x19c .\CortexM0\ARM_GCC_473\Debug\Cm0Start.o
 .debug_line    0x0000031d      0x1b6 .\CortexM0\ARM_GCC_473\Debug\cadeau_marraine.a(cyfitter_cfg.o)
 .debug_line    0x000004d3      0x210 .\CortexM0\ARM_GCC_473\Debug\cadeau_marraine.a(LCD_Char_1.o)
 .debug_line    0x000006e3      0x37a .\CortexM0\ARM_GCC_473\Debug\cadeau_marraine.a(PWM_1.o)
 .debug_line    0x00000a5d      0x37a .\CortexM0\ARM_GCC_473\Debug\cadeau_marraine.a(PWM_2.o)
 .debug_line    0x00000dd7      0x37a .\CortexM0\ARM_GCC_473\Debug\cadeau_marraine.a(PWM_3.o)
 .debug_line    0x00001151      0x156 .\CortexM0\ARM_GCC_473\Debug\cadeau_marraine.a(TC1_ISR.o)
 .debug_line    0x000012a7      0x156 .\CortexM0\ARM_GCC_473\Debug\cadeau_marraine.a(TC2_ISR.o)
 .debug_line    0x000013fd      0x156 .\CortexM0\ARM_GCC_473\Debug\cadeau_marraine.a(TC3_ISR.o)
 .debug_line    0x00001553      0x36e .\CortexM0\ARM_GCC_473\Debug\cadeau_marraine.a(TIM_4.o)
 .debug_line    0x000018c1      0x156 .\CortexM0\ARM_GCC_473\Debug\cadeau_marraine.a(TC4_ISR.o)
 .debug_line    0x00001a17       0x68 .\CortexM0\ARM_GCC_473\Debug\cadeau_marraine.a(CyBootAsmGnu.o)
 .debug_line    0x00001a7f      0x541 .\CortexM0\ARM_GCC_473\Debug\cadeau_marraine.a(CyLib.o)

.debug_frame    0x00000000     0x269c
 *(.debug_frame)
 .debug_frame   0x00000000       0x9c .\CortexM0\ARM_GCC_473\Debug\main.o
 .debug_frame   0x0000009c       0xa8 .\CortexM0\ARM_GCC_473\Debug\Cm0Start.o
 .debug_frame   0x00000144      0x108 .\CortexM0\ARM_GCC_473\Debug\cadeau_marraine.a(cyfitter_cfg.o)
 .debug_frame   0x0000024c      0x200 .\CortexM0\ARM_GCC_473\Debug\cadeau_marraine.a(LCD_Char_1.o)
 .debug_frame   0x0000044c      0x52c .\CortexM0\ARM_GCC_473\Debug\cadeau_marraine.a(PWM_1.o)
 .debug_frame   0x00000978      0x52c .\CortexM0\ARM_GCC_473\Debug\cadeau_marraine.a(PWM_2.o)
 .debug_frame   0x00000ea4      0x52c .\CortexM0\ARM_GCC_473\Debug\cadeau_marraine.a(PWM_3.o)
 .debug_frame   0x000013d0      0x190 .\CortexM0\ARM_GCC_473\Debug\cadeau_marraine.a(TC1_ISR.o)
 .debug_frame   0x00001560      0x190 .\CortexM0\ARM_GCC_473\Debug\cadeau_marraine.a(TC2_ISR.o)
 .debug_frame   0x000016f0      0x190 .\CortexM0\ARM_GCC_473\Debug\cadeau_marraine.a(TC3_ISR.o)
 .debug_frame   0x00001880      0x52c .\CortexM0\ARM_GCC_473\Debug\cadeau_marraine.a(TIM_4.o)
 .debug_frame   0x00001dac      0x190 .\CortexM0\ARM_GCC_473\Debug\cadeau_marraine.a(TC4_ISR.o)
 .debug_frame   0x00001f3c      0x628 .\CortexM0\ARM_GCC_473\Debug\cadeau_marraine.a(CyLib.o)
 .debug_frame   0x00002564       0x20 c:/program files (x86)/cypress/psoc creator/3.0/psoc creator/import/gnu_cs/arm/4.7.3/bin/../lib/gcc/arm-none-eabi/4.7.3/armv6-m\libgcc.a(_udivsi3.o)
 .debug_frame   0x00002584       0x20 c:/program files (x86)/cypress/psoc creator/3.0/psoc creator/import/gnu_cs/arm/4.7.3/bin/../lib/gcc/arm-none-eabi/4.7.3/armv6-m\libgcc.a(_divsi3.o)
 .debug_frame   0x000025a4       0x28 c:/program files (x86)/cypress/psoc creator/3.0/psoc creator/import/gnu_cs/arm/4.7.3/bin/../lib/gcc/arm-none-eabi/4.7.3/../../../../arm-none-eabi/lib/armv6-m\libc_s.a(lib_a-__atexit2.o)
 .debug_frame   0x000025cc       0x28 c:/program files (x86)/cypress/psoc creator/3.0/psoc creator/import/gnu_cs/arm/4.7.3/bin/../lib/gcc/arm-none-eabi/4.7.3/../../../../arm-none-eabi/lib/armv6-m\libc_s.a(lib_a-exit.o)
 .debug_frame   0x000025f4       0x2c c:/program files (x86)/cypress/psoc creator/3.0/psoc creator/import/gnu_cs/arm/4.7.3/bin/../lib/gcc/arm-none-eabi/4.7.3/../../../../arm-none-eabi/lib/armv6-m\libc_s.a(lib_a-fini.o)
 .debug_frame   0x00002620       0x2c c:/program files (x86)/cypress/psoc creator/3.0/psoc creator/import/gnu_cs/arm/4.7.3/bin/../lib/gcc/arm-none-eabi/4.7.3/../../../../arm-none-eabi/lib/armv6-m\libc_s.a(lib_a-init.o)
 .debug_frame   0x0000264c       0x28 c:/program files (x86)/cypress/psoc creator/3.0/psoc creator/import/gnu_cs/arm/4.7.3/bin/../lib/gcc/arm-none-eabi/4.7.3/../../../../arm-none-eabi/lib/armv6-m\libc_s.a(lib_a-memcpy.o)
 .debug_frame   0x00002674       0x28 c:/program files (x86)/cypress/psoc creator/3.0/psoc creator/import/gnu_cs/arm/4.7.3/bin/../lib/gcc/arm-none-eabi/4.7.3/../../../../arm-none-eabi/lib/armv6-m\libc_s.a(lib_a-memset.o)

.debug_str      0x00000000     0x1d9d
 *(.debug_str)
 .debug_str     0x00000000      0x1b6 .\CortexM0\ARM_GCC_473\Debug\main.o
                                0x1ef (size before relaxing)
 .debug_str     0x000001b6       0x80 .\CortexM0\ARM_GCC_473\Debug\cybootloader.o
                                0x1c6 (size before relaxing)
 .debug_str     0x00000236       0x37 .\CortexM0\ARM_GCC_473\Debug\cymetadata.o
                                0x183 (size before relaxing)
 .debug_str     0x0000026d      0x11f .\CortexM0\ARM_GCC_473\Debug\Cm0Start.o
                                0x27f (size before relaxing)
 .debug_str     0x0000038c      0x1a0 .\CortexM0\ARM_GCC_473\Debug\cadeau_marraine.a(cyfitter_cfg.o)
                                0x32f (size before relaxing)
 .debug_str     0x0000052c      0x205 .\CortexM0\ARM_GCC_473\Debug\cadeau_marraine.a(LCD_Char_1.o)
                                0x36b (size before relaxing)
 .debug_str     0x00000731      0x3f2 .\CortexM0\ARM_GCC_473\Debug\cadeau_marraine.a(PWM_1.o)
                                0x551 (size before relaxing)
 .debug_str     0x00000b23      0x329 .\CortexM0\ARM_GCC_473\Debug\cadeau_marraine.a(PWM_2.o)
                                0x551 (size before relaxing)
 .debug_str     0x00000e4c      0x329 .\CortexM0\ARM_GCC_473\Debug\cadeau_marraine.a(PWM_3.o)
                                0x551 (size before relaxing)
 .debug_str     0x00001175      0x12b .\CortexM0\ARM_GCC_473\Debug\cadeau_marraine.a(TC1_ISR.o)
                                0x2a6 (size before relaxing)
 .debug_str     0x000012a0      0x104 .\CortexM0\ARM_GCC_473\Debug\cadeau_marraine.a(TC2_ISR.o)
                                0x2a6 (size before relaxing)
 .debug_str     0x000013a4      0x104 .\CortexM0\ARM_GCC_473\Debug\cadeau_marraine.a(TC3_ISR.o)
                                0x2a6 (size before relaxing)
 .debug_str     0x000014a8      0x329 .\CortexM0\ARM_GCC_473\Debug\cadeau_marraine.a(TIM_4.o)
                                0x551 (size before relaxing)
 .debug_str     0x000017d1      0x104 .\CortexM0\ARM_GCC_473\Debug\cadeau_marraine.a(TC4_ISR.o)
                                0x2a6 (size before relaxing)
 .debug_str     0x000018d5      0x4c8 .\CortexM0\ARM_GCC_473\Debug\cadeau_marraine.a(CyLib.o)
                                0x683 (size before relaxing)

.debug_loc      0x00000000     0x3b78
 *(.debug_loc)
 .debug_loc     0x00000000       0xdc .\CortexM0\ARM_GCC_473\Debug\main.o
 .debug_loc     0x000000dc      0x100 .\CortexM0\ARM_GCC_473\Debug\Cm0Start.o
 .debug_loc     0x000001dc      0x1a8 .\CortexM0\ARM_GCC_473\Debug\cadeau_marraine.a(cyfitter_cfg.o)
 .debug_loc     0x00000384      0x350 .\CortexM0\ARM_GCC_473\Debug\cadeau_marraine.a(LCD_Char_1.o)
 .debug_loc     0x000006d4      0x830 .\CortexM0\ARM_GCC_473\Debug\cadeau_marraine.a(PWM_1.o)
 .debug_loc     0x00000f04      0x830 .\CortexM0\ARM_GCC_473\Debug\cadeau_marraine.a(PWM_2.o)
 .debug_loc     0x00001734      0x830 .\CortexM0\ARM_GCC_473\Debug\cadeau_marraine.a(PWM_3.o)
 .debug_loc     0x00001f64      0x26c .\CortexM0\ARM_GCC_473\Debug\cadeau_marraine.a(TC1_ISR.o)
 .debug_loc     0x000021d0      0x26c .\CortexM0\ARM_GCC_473\Debug\cadeau_marraine.a(TC2_ISR.o)
 .debug_loc     0x0000243c      0x26c .\CortexM0\ARM_GCC_473\Debug\cadeau_marraine.a(TC3_ISR.o)
 .debug_loc     0x000026a8      0x830 .\CortexM0\ARM_GCC_473\Debug\cadeau_marraine.a(TIM_4.o)
 .debug_loc     0x00002ed8      0x26c .\CortexM0\ARM_GCC_473\Debug\cadeau_marraine.a(TC4_ISR.o)
 .debug_loc     0x00003144      0xa34 .\CortexM0\ARM_GCC_473\Debug\cadeau_marraine.a(CyLib.o)

.debug_macinfo
 *(.debug_macinfo)

.debug_ranges   0x00000000      0x9a0
 *(.debug_ranges)
 .debug_ranges  0x00000000       0x30 .\CortexM0\ARM_GCC_473\Debug\main.o
 .debug_ranges  0x00000030       0x30 .\CortexM0\ARM_GCC_473\Debug\Cm0Start.o
 .debug_ranges  0x00000060       0x48 .\CortexM0\ARM_GCC_473\Debug\cadeau_marraine.a(cyfitter_cfg.o)
 .debug_ranges  0x000000a8       0x88 .\CortexM0\ARM_GCC_473\Debug\cadeau_marraine.a(LCD_Char_1.o)
 .debug_ranges  0x00000130      0x148 .\CortexM0\ARM_GCC_473\Debug\cadeau_marraine.a(PWM_1.o)
 .debug_ranges  0x00000278      0x148 .\CortexM0\ARM_GCC_473\Debug\cadeau_marraine.a(PWM_2.o)
 .debug_ranges  0x000003c0      0x148 .\CortexM0\ARM_GCC_473\Debug\cadeau_marraine.a(PWM_3.o)
 .debug_ranges  0x00000508       0x70 .\CortexM0\ARM_GCC_473\Debug\cadeau_marraine.a(TC1_ISR.o)
 .debug_ranges  0x00000578       0x70 .\CortexM0\ARM_GCC_473\Debug\cadeau_marraine.a(TC2_ISR.o)
 .debug_ranges  0x000005e8       0x70 .\CortexM0\ARM_GCC_473\Debug\cadeau_marraine.a(TC3_ISR.o)
 .debug_ranges  0x00000658      0x148 .\CortexM0\ARM_GCC_473\Debug\cadeau_marraine.a(TIM_4.o)
 .debug_ranges  0x000007a0       0x70 .\CortexM0\ARM_GCC_473\Debug\cadeau_marraine.a(TC4_ISR.o)
 .debug_ranges  0x00000810      0x190 .\CortexM0\ARM_GCC_473\Debug\cadeau_marraine.a(CyLib.o)

.comment        0x00000000       0x70
 .comment       0x00000000       0x70 .\CortexM0\ARM_GCC_473\Debug\main.o
                                 0x71 (size before relaxing)
 .comment       0x00000000       0x71 .\CortexM0\ARM_GCC_473\Debug\cybootloader.o
 .comment       0x00000000       0x71 .\CortexM0\ARM_GCC_473\Debug\cymetadata.o
 .comment       0x00000000       0x71 .\CortexM0\ARM_GCC_473\Debug\Cm0Start.o
 .comment       0x00000000       0x71 .\CortexM0\ARM_GCC_473\Debug\cadeau_marraine.a(cyfitter_cfg.o)
 .comment       0x00000000       0x71 .\CortexM0\ARM_GCC_473\Debug\cadeau_marraine.a(LCD_Char_1.o)
 .comment       0x00000000       0x71 .\CortexM0\ARM_GCC_473\Debug\cadeau_marraine.a(PWM_1.o)
 .comment       0x00000000       0x71 .\CortexM0\ARM_GCC_473\Debug\cadeau_marraine.a(PWM_2.o)
 .comment       0x00000000       0x71 .\CortexM0\ARM_GCC_473\Debug\cadeau_marraine.a(PWM_3.o)
 .comment       0x00000000       0x71 .\CortexM0\ARM_GCC_473\Debug\cadeau_marraine.a(TC1_ISR.o)
 .comment       0x00000000       0x71 .\CortexM0\ARM_GCC_473\Debug\cadeau_marraine.a(TC2_ISR.o)
 .comment       0x00000000       0x71 .\CortexM0\ARM_GCC_473\Debug\cadeau_marraine.a(TC3_ISR.o)
 .comment       0x00000000       0x71 .\CortexM0\ARM_GCC_473\Debug\cadeau_marraine.a(TIM_4.o)
 .comment       0x00000000       0x71 .\CortexM0\ARM_GCC_473\Debug\cadeau_marraine.a(TC4_ISR.o)
 .comment       0x00000000       0x71 .\CortexM0\ARM_GCC_473\Debug\cadeau_marraine.a(CyLib.o)

.debug_weaknames
 *(.debug_weaknames)

.debug_funcnames
 *(.debug_funcnames)

.debug_typenames
 *(.debug_typenames)

.debug_varnames
 *(.debug_varnames)

.note.gnu.arm.ident
 *(.note.gnu.arm.ident)

.ARM.attributes
                0x00000000       0x28
 *(.ARM.attributes)
 .ARM.attributes
                0x00000000       0x1e c:/program files (x86)/cypress/psoc creator/3.0/psoc creator/import/gnu_cs/arm/4.7.3/bin/../lib/gcc/arm-none-eabi/4.7.3/armv6-m/crti.o
 .ARM.attributes
                0x0000001e       0x2c c:/program files (x86)/cypress/psoc creator/3.0/psoc creator/import/gnu_cs/arm/4.7.3/bin/../lib/gcc/arm-none-eabi/4.7.3/armv6-m/crtbegin.o
 .ARM.attributes
                0x0000004a       0x1c c:/program files (x86)/cypress/psoc creator/3.0/psoc creator/import/gnu_cs/arm/4.7.3/bin/../lib/gcc/arm-none-eabi/4.7.3/../../../../arm-none-eabi/lib/armv6-m/crt0.o
 .ARM.attributes
                0x00000066       0x31 .\CortexM0\ARM_GCC_473\Debug\main.o
 .ARM.attributes
                0x00000097       0x31 .\CortexM0\ARM_GCC_473\Debug\cybootloader.o
 .ARM.attributes
                0x000000c8       0x31 .\CortexM0\ARM_GCC_473\Debug\cymetadata.o
 .ARM.attributes
                0x000000f9       0x31 .\CortexM0\ARM_GCC_473\Debug\Cm0Start.o
 .ARM.attributes
                0x0000012a       0x31 .\CortexM0\ARM_GCC_473\Debug\cadeau_marraine.a(cyfitter_cfg.o)
 .ARM.attributes
                0x0000015b       0x31 .\CortexM0\ARM_GCC_473\Debug\cadeau_marraine.a(LCD_Char_1.o)
 .ARM.attributes
                0x0000018c       0x31 .\CortexM0\ARM_GCC_473\Debug\cadeau_marraine.a(PWM_1.o)
 .ARM.attributes
                0x000001bd       0x31 .\CortexM0\ARM_GCC_473\Debug\cadeau_marraine.a(PWM_2.o)
 .ARM.attributes
                0x000001ee       0x31 .\CortexM0\ARM_GCC_473\Debug\cadeau_marraine.a(PWM_3.o)
 .ARM.attributes
                0x0000021f       0x31 .\CortexM0\ARM_GCC_473\Debug\cadeau_marraine.a(TC1_ISR.o)
 .ARM.attributes
                0x00000250       0x31 .\CortexM0\ARM_GCC_473\Debug\cadeau_marraine.a(TC2_ISR.o)
 .ARM.attributes
                0x00000281       0x31 .\CortexM0\ARM_GCC_473\Debug\cadeau_marraine.a(TC3_ISR.o)
 .ARM.attributes
                0x000002b2       0x31 .\CortexM0\ARM_GCC_473\Debug\cadeau_marraine.a(TIM_4.o)
 .ARM.attributes
                0x000002e3       0x31 .\CortexM0\ARM_GCC_473\Debug\cadeau_marraine.a(TC4_ISR.o)
 .ARM.attributes
                0x00000314       0x21 .\CortexM0\ARM_GCC_473\Debug\cadeau_marraine.a(CyBootAsmGnu.o)
 .ARM.attributes
                0x00000335       0x31 .\CortexM0\ARM_GCC_473\Debug\cadeau_marraine.a(CyLib.o)
 .ARM.attributes
                0x00000366       0x1e c:/program files (x86)/cypress/psoc creator/3.0/psoc creator/import/gnu_cs/arm/4.7.3/bin/../lib/gcc/arm-none-eabi/4.7.3/armv6-m\libgcc.a(_udivsi3.o)
 .ARM.attributes
                0x00000384       0x1e c:/program files (x86)/cypress/psoc creator/3.0/psoc creator/import/gnu_cs/arm/4.7.3/bin/../lib/gcc/arm-none-eabi/4.7.3/armv6-m\libgcc.a(_divsi3.o)
 .ARM.attributes
                0x000003a2       0x1e c:/program files (x86)/cypress/psoc creator/3.0/psoc creator/import/gnu_cs/arm/4.7.3/bin/../lib/gcc/arm-none-eabi/4.7.3/armv6-m\libgcc.a(_dvmd_tls.o)
 .ARM.attributes
                0x000003c0       0x2c c:/program files (x86)/cypress/psoc creator/3.0/psoc creator/import/gnu_cs/arm/4.7.3/bin/../lib/gcc/arm-none-eabi/4.7.3/../../../../arm-none-eabi/lib/armv6-m\libc_s.a(lib_a-__atexit2.o)
 .ARM.attributes
                0x000003ec       0x2c c:/program files (x86)/cypress/psoc creator/3.0/psoc creator/import/gnu_cs/arm/4.7.3/bin/../lib/gcc/arm-none-eabi/4.7.3/../../../../arm-none-eabi/lib/armv6-m\libc_s.a(lib_a-exit.o)
 .ARM.attributes
                0x00000418       0x2c c:/program files (x86)/cypress/psoc creator/3.0/psoc creator/import/gnu_cs/arm/4.7.3/bin/../lib/gcc/arm-none-eabi/4.7.3/../../../../arm-none-eabi/lib/armv6-m\libc_s.a(lib_a-fini.o)
 .ARM.attributes
                0x00000444       0x2c c:/program files (x86)/cypress/psoc creator/3.0/psoc creator/import/gnu_cs/arm/4.7.3/bin/../lib/gcc/arm-none-eabi/4.7.3/../../../../arm-none-eabi/lib/armv6-m\libc_s.a(lib_a-impure.o)
 .ARM.attributes
                0x00000470       0x2c c:/program files (x86)/cypress/psoc creator/3.0/psoc creator/import/gnu_cs/arm/4.7.3/bin/../lib/gcc/arm-none-eabi/4.7.3/../../../../arm-none-eabi/lib/armv6-m\libc_s.a(lib_a-init.o)
 .ARM.attributes
                0x0000049c       0x2c c:/program files (x86)/cypress/psoc creator/3.0/psoc creator/import/gnu_cs/arm/4.7.3/bin/../lib/gcc/arm-none-eabi/4.7.3/../../../../arm-none-eabi/lib/armv6-m\libc_s.a(lib_a-memcpy.o)
 .ARM.attributes
                0x000004c8       0x2c c:/program files (x86)/cypress/psoc creator/3.0/psoc creator/import/gnu_cs/arm/4.7.3/bin/../lib/gcc/arm-none-eabi/4.7.3/../../../../arm-none-eabi/lib/armv6-m\libc_s.a(lib_a-memset.o)
 .ARM.attributes
                0x000004f4       0x2c c:/program files (x86)/cypress/psoc creator/3.0/psoc creator/import/gnu_cs/arm/4.7.3/bin/../lib/gcc/arm-none-eabi/4.7.3/armv6-m/crtend.o
 .ARM.attributes
                0x00000520       0x1e c:/program files (x86)/cypress/psoc creator/3.0/psoc creator/import/gnu_cs/arm/4.7.3/bin/../lib/gcc/arm-none-eabi/4.7.3/armv6-m/crtn.o

/DISCARD/
 *(.note.GNU-stack)
OUTPUT(.\CortexM0\ARM_GCC_473\Debug\cadeau_marraine.elf elf32-littlearm)
